<html>
<body>
<pre>
<h1>µVision Build Log</h1>
<h2>Project:</h2>
C:\Users\chenjiawei\Desktop\STM32_USB-FS-Device_Lib_V3.2.1\Project\Custom_HID\MDK-ARM\Custom_HID.uvproj
Project File Date:  07/05/2010

<h2>Output:</h2>
Build target 'STM3210E-EVAL_XL'
compiling hw_config.c...
compiling main.c...
compiling stm32f10x_it.c...
compiling usb_desc.c...
compiling usb_endp.c...
compiling usb_istr.c...
compiling usb_prop.c...
compiling usb_pwr.c...
compiling usb_init.c...
compiling usb_int.c...
compiling usb_mem.c...
compiling usb_regs.c...
compiling otgd_fs_cal.c...
compiling otgd_fs_dev.c...
compiling otgd_fs_int.c...
compiling otgd_fs_pcd.c...
compiling usb_core.c...
compiling usb_sil.c...
compiling stm32f10x_rcc.c...
compiling stm32f10x_gpio.c...
compiling misc.c...
compiling stm32f10x_adc.c...
compiling stm32f10x_dma.c...
compiling stm32f10x_exti.c...
compiling stm32f10x_flash.c...
compiling stm32f10x_usart.c...
compiling stm32f10x_i2c.c...
compiling stm32f10x_spi.c...
compiling stm32f10x_sdio.c...
assembling startup_stm32f10x_xl.s...
compiling core_cm3.c...
compiling system_stm32f10x.c...
compiling stm32_eval.c...
linking...
Program Size: Code=7772 RO-data=800 RW-data=364 ZI-data=1052  
".\STM3210E-EVAL_XL\STM3210E-EVAL_XL.axf" - 0 Error(s), 0 Warning(s).
