ARM Linker, 4.1 [Build 791] [Standard]

==============================================================================

Section Cross References

    hw_config.o(i.ADC_Configuration) refers to stm32f10x_rcc.o(i.RCC_AHBPeriphClockCmd) for RCC_AHBPeriphClockCmd
    hw_config.o(i.ADC_Configuration) refers to stm32f10x_rcc.o(i.RCC_APB2PeriphClockCmd) for RCC_APB2PeriphClockCmd
    hw_config.o(i.ADC_Configuration) refers to stm32f10x_dma.o(i.DMA_DeInit) for DMA_DeInit
    hw_config.o(i.ADC_Configuration) refers to stm32f10x_dma.o(i.DMA_Init) for DMA_Init
    hw_config.o(i.ADC_Configuration) refers to stm32f10x_dma.o(i.DMA_Cmd) for DMA_Cmd
    hw_config.o(i.ADC_Configuration) refers to stm32f10x_dma.o(i.DMA_ITConfig) for DMA_ITConfig
    hw_config.o(i.ADC_Configuration) refers to stm32f10x_adc.o(i.ADC_Init) for ADC_Init
    hw_config.o(i.ADC_Configuration) refers to stm32f10x_adc.o(i.ADC_RegularChannelConfig) for ADC_RegularChannelConfig
    hw_config.o(i.ADC_Configuration) refers to stm32f10x_adc.o(i.ADC_DMACmd) for ADC_DMACmd
    hw_config.o(i.ADC_Configuration) refers to stm32f10x_adc.o(i.ADC_Cmd) for ADC_Cmd
    hw_config.o(i.ADC_Configuration) refers to stm32f10x_adc.o(i.ADC_ResetCalibration) for ADC_ResetCalibration
    hw_config.o(i.ADC_Configuration) refers to stm32f10x_adc.o(i.ADC_GetResetCalibrationStatus) for ADC_GetResetCalibrationStatus
    hw_config.o(i.ADC_Configuration) refers to stm32f10x_adc.o(i.ADC_StartCalibration) for ADC_StartCalibration
    hw_config.o(i.ADC_Configuration) refers to stm32f10x_adc.o(i.ADC_GetCalibrationStatus) for ADC_GetCalibrationStatus
    hw_config.o(i.ADC_Configuration) refers to hw_config.o(.data) for .data
    hw_config.o(i.EXTI_Configuration) refers to stm32f10x_exti.o(i.EXTI_Init) for EXTI_Init
    hw_config.o(i.EXTI_Configuration) refers to stm32f10x_exti.o(i.EXTI_ClearITPendingBit) for EXTI_ClearITPendingBit
    hw_config.o(i.Enter_LowPowerMode) refers to usb_pwr.o(.data) for bDeviceState
    hw_config.o(i.GPIO_Configuration) refers to stm32f10x_rcc.o(i.RCC_APB2PeriphClockCmd) for RCC_APB2PeriphClockCmd
    hw_config.o(i.GPIO_Configuration) refers to stm32f10x_gpio.o(i.GPIO_Init) for GPIO_Init
    hw_config.o(i.Get_SerialNum) refers to hw_config.o(i.IntToUnicode) for IntToUnicode
    hw_config.o(i.Get_SerialNum) refers to usb_desc.o(.data) for CustomHID_StringSerial
    hw_config.o(i.Leave_LowPowerMode) refers to usb_init.o(.bss) for Device_Info
    hw_config.o(i.Leave_LowPowerMode) refers to usb_pwr.o(.data) for bDeviceState
    hw_config.o(i.Set_System) refers to stm32f10x_rcc.o(i.RCC_DeInit) for RCC_DeInit
    hw_config.o(i.Set_System) refers to stm32f10x_rcc.o(i.RCC_HSEConfig) for RCC_HSEConfig
    hw_config.o(i.Set_System) refers to stm32f10x_rcc.o(i.RCC_WaitForHSEStartUp) for RCC_WaitForHSEStartUp
    hw_config.o(i.Set_System) refers to stm32f10x_flash.o(i.FLASH_PrefetchBufferCmd) for FLASH_PrefetchBufferCmd
    hw_config.o(i.Set_System) refers to stm32f10x_flash.o(i.FLASH_SetLatency) for FLASH_SetLatency
    hw_config.o(i.Set_System) refers to stm32f10x_rcc.o(i.RCC_HCLKConfig) for RCC_HCLKConfig
    hw_config.o(i.Set_System) refers to stm32f10x_rcc.o(i.RCC_PCLK2Config) for RCC_PCLK2Config
    hw_config.o(i.Set_System) refers to stm32f10x_rcc.o(i.RCC_PCLK1Config) for RCC_PCLK1Config
    hw_config.o(i.Set_System) refers to stm32f10x_rcc.o(i.RCC_ADCCLKConfig) for RCC_ADCCLKConfig
    hw_config.o(i.Set_System) refers to stm32f10x_rcc.o(i.RCC_PLLConfig) for RCC_PLLConfig
    hw_config.o(i.Set_System) refers to stm32f10x_rcc.o(i.RCC_PLLCmd) for RCC_PLLCmd
    hw_config.o(i.Set_System) refers to stm32f10x_rcc.o(i.RCC_GetFlagStatus) for RCC_GetFlagStatus
    hw_config.o(i.Set_System) refers to stm32f10x_rcc.o(i.RCC_SYSCLKConfig) for RCC_SYSCLKConfig
    hw_config.o(i.Set_System) refers to stm32f10x_rcc.o(i.RCC_GetSYSCLKSource) for RCC_GetSYSCLKSource
    hw_config.o(i.Set_System) refers to hw_config.o(i.GPIO_Configuration) for GPIO_Configuration
    hw_config.o(i.Set_System) refers to stm32_eval.o(i.STM_EVAL_PBInit) for STM_EVAL_PBInit
    hw_config.o(i.Set_System) refers to hw_config.o(i.EXTI_Configuration) for EXTI_Configuration
    hw_config.o(i.Set_System) refers to stm32_eval.o(i.STM_EVAL_LEDInit) for STM_EVAL_LEDInit
    hw_config.o(i.Set_System) refers to hw_config.o(i.ADC_Configuration) for ADC_Configuration
    hw_config.o(i.Set_System) refers to hw_config.o(.data) for .data
    hw_config.o(i.Set_USBClock) refers to stm32f10x_rcc.o(i.RCC_USBCLKConfig) for RCC_USBCLKConfig
    hw_config.o(i.Set_USBClock) refers to stm32f10x_rcc.o(i.RCC_APB1PeriphClockCmd) for RCC_APB1PeriphClockCmd
    hw_config.o(i.USB_Cable_Config) refers to stm32f10x_gpio.o(i.GPIO_ResetBits) for GPIO_ResetBits
    hw_config.o(i.USB_Cable_Config) refers to stm32f10x_gpio.o(i.GPIO_SetBits) for GPIO_SetBits
    hw_config.o(i.USB_Interrupts_Config) refers to misc.o(i.NVIC_PriorityGroupConfig) for NVIC_PriorityGroupConfig
[...]
    stm32_eval.o(i.sFLASH_LowLevel_DeInit) refers to stm32f10x_rcc.o(i.RCC_APB2PeriphClockCmd) for RCC_APB2PeriphClockCmd
    stm32_eval.o(i.sFLASH_LowLevel_DeInit) refers to stm32f10x_gpio.o(i.GPIO_Init) for GPIO_Init
    stm32_eval.o(i.sFLASH_LowLevel_Init) refers to stm32f10x_rcc.o(i.RCC_APB2PeriphClockCmd) for RCC_APB2PeriphClockCmd
    stm32_eval.o(i.sFLASH_LowLevel_Init) refers to stm32f10x_gpio.o(i.GPIO_Init) for GPIO_Init
    entry.o(.ARM.Collect$$$$00000000) refers (Special) to entry7b.o(.ARM.Collect$$$$00000008) for _main_clock
    entry.o(.ARM.Collect$$$$00000000) refers (Special) to entry8.o(.ARM.Collect$$$$00000009) for _main_init
    entry.o(.ARM.Collect$$$$00000000) refers (Special) to entry5.o(.ARM.Collect$$$$00000004) for _main_scatterload
    entry.o(.ARM.Collect$$$$00000000) refers (Special) to entry2.o(.ARM.Collect$$$$00000001) for _main_stk
    entry2.o(.ARM.Collect$$$$00000001) refers to entry2.o(.ARM.Collect$$$$00002712) for __lit__00000000
    entry2.o(.ARM.Collect$$$$00002712) refers to startup_stm32f10x_xl.o(STACK) for __initial_sp
    entry2.o(__vectab_stack_and_reset_area) refers to startup_stm32f10x_xl.o(STACK) for __initial_sp
    entry2.o(__vectab_stack_and_reset_area) refers to entry.o(.ARM.Collect$$$$00000000) for __main
    entry5.o(.ARM.Collect$$$$00000004) refers to init.o(.text) for __scatterload
    entry8.o(.ARM.Collect$$$$00000009) refers to main.o(i.main) for main
    init.o(.text) refers to entry5.o(.ARM.Collect$$$$00000004) for __main_after_scatterload


==============================================================================

Removing Unused input sections from the image.

    Removing main.o(i.Delay), (10 bytes).
    Removing usb_prop.o(.data), (1 bytes).
    Removing usb_pwr.o(i.PowerOff), (32 bytes).
    Removing usb_init.o(.data), (2 bytes).
    Removing usb_int.o(i.CTR_HP), (120 bytes).
    Removing usb_regs.o(i.ClearEPDoubleBuff), (32 bytes).
    Removing usb_regs.o(i.ClearEP_CTR_RX), (24 bytes).
    Removing usb_regs.o(i.ClearEP_CTR_TX), (24 bytes).
    Removing usb_regs.o(i.ClearEP_KIND), (32 bytes).
    Removing usb_regs.o(i.FreeUserBuffer), (52 bytes).
    Removing usb_regs.o(i.GetBTABLE), (12 bytes).
    Removing usb_regs.o(i.GetCNTR), (12 bytes).
    Removing usb_regs.o(i.GetDADDR), (12 bytes).
    Removing usb_regs.o(i.GetENDPOINT), (16 bytes).
    Removing usb_regs.o(i.GetEPAddress), (16 bytes).
    Removing usb_regs.o(i.GetEPDblBuf0Addr), (28 bytes).
    Removing usb_regs.o(i.GetEPDblBuf0Count), (32 bytes).
    Removing usb_regs.o(i.GetEPDblBuf1Addr), (32 bytes).
    Removing usb_regs.o(i.GetEPDblBuf1Count), (32 bytes).
    Removing usb_regs.o(i.GetEPDblBufDir), (60 bytes).
    Removing usb_regs.o(i.GetEPRxStatus), (20 bytes).
    Removing usb_regs.o(i.GetEPTxCount), (32 bytes).
    Removing usb_regs.o(i.GetEPTxStatus), (20 bytes).
    Removing usb_regs.o(i.GetEPType), (20 bytes).
    Removing usb_regs.o(i.GetFNR), (12 bytes).
    Removing usb_regs.o(i.GetISTR), (12 bytes).
    Removing usb_regs.o(i.GetRxStallStatus), (24 bytes).
    Removing usb_regs.o(i.GetTxStallStatus), (24 bytes).
    Removing usb_regs.o(i.SetCNTR), (12 bytes).
    Removing usb_regs.o(i.SetDADDR), (12 bytes).
    Removing usb_regs.o(i.SetDouBleBuffEPStall), (44 bytes).
    Removing usb_regs.o(i.SetENDPOINT), (12 bytes).
    Removing usb_regs.o(i.SetEPAddress), (32 bytes).
    Removing usb_regs.o(i.SetEPCountRxReg), (40 bytes).
    Removing usb_regs.o(i.SetEPDblBuf0Addr), (32 bytes).
    Removing usb_regs.o(i.SetEPDblBuf0Count), (92 bytes).
    Removing usb_regs.o(i.SetEPDblBuf1Addr), (32 bytes).
    Removing usb_regs.o(i.SetEPDblBuf1Count), (92 bytes).
    Removing usb_regs.o(i.SetEPDblBuffAddr), (52 bytes).
    Removing usb_regs.o(i.SetEPDblBuffCount), (172 bytes).
    Removing usb_regs.o(i.SetEPDoubleBuff), (32 bytes).
    Removing usb_regs.o(i.SetEP_KIND), (32 bytes).
    Removing usb_regs.o(i.SetISTR), (12 bytes).
    Removing usb_regs.o(i.Set_Status_Out), (32 bytes).
    Removing usb_regs.o(i.ToWord), (6 bytes).
    Removing usb_regs.o(i.ToggleDTOG_RX), (32 bytes).
    Removing usb_regs.o(i.ToggleDTOG_TX), (32 bytes).
    Removing stm32f10x_rcc.o(i.RCC_APB1PeriphResetCmd), (24 bytes).
    Removing stm32f10x_rcc.o(i.RCC_APB2PeriphResetCmd), (24 bytes).
    Removing stm32f10x_rcc.o(i.RCC_AdjustHSICalibrationValue), (20 bytes).
    Removing stm32f10x_rcc.o(i.RCC_BackupResetCmd), (12 bytes).
    Removing stm32f10x_rcc.o(i.RCC_ClearFlag), (16 bytes).
    Removing stm32f10x_rcc.o(i.RCC_ClearITPendingBit), (12 bytes).
    Removing stm32f10x_rcc.o(i.RCC_ClockSecuritySystemCmd), (12 bytes).
    Removing stm32f10x_rcc.o(i.RCC_GetClocksFreq), (156 bytes).
    Removing stm32f10x_rcc.o(i.RCC_GetITStatus), (20 bytes).
    Removing stm32f10x_rcc.o(i.RCC_HSICmd), (12 bytes).
    Removing stm32f10x_rcc.o(i.RCC_ITConfig), (24 bytes).
    Removing stm32f10x_rcc.o(i.RCC_LSEConfig), (32 bytes).
    Removing stm32f10x_rcc.o(i.RCC_LSICmd), (12 bytes).
    Removing stm32f10x_rcc.o(i.RCC_MCOConfig), (12 bytes).
    Removing stm32f10x_rcc.o(i.RCC_RTCCLKCmd), (12 bytes).
    Removing stm32f10x_rcc.o(i.RCC_RTCCLKConfig), (16 bytes).
    Removing stm32f10x_rcc.o(.data), (20 bytes).
    Removing stm32f10x_gpio.o(i.GPIO_AFIODeInit), (22 bytes).
    Removing stm32f10x_gpio.o(i.GPIO_DeInit), (180 bytes).
    Removing stm32f10x_gpio.o(i.GPIO_ETH_MediaInterfaceConfig), (12 bytes).
    Removing stm32f10x_gpio.o(i.GPIO_EventOutputCmd), (12 bytes).
    Removing stm32f10x_gpio.o(i.GPIO_EventOutputConfig), (28 bytes).
    Removing stm32f10x_gpio.o(i.GPIO_PinLockConfig), (16 bytes).
    Removing stm32f10x_gpio.o(i.GPIO_PinRemapConfig), (88 bytes).
    Removing stm32f10x_gpio.o(i.GPIO_ReadInputData), (6 bytes).
    Removing stm32f10x_gpio.o(i.GPIO_ReadOutputData), (6 bytes).
    Removing stm32f10x_gpio.o(i.GPIO_ReadOutputDataBit), (14 bytes).
    Removing stm32f10x_gpio.o(i.GPIO_StructInit), (16 bytes).
    Removing stm32f10x_gpio.o(i.GPIO_Write), (4 bytes).
    Removing stm32f10x_gpio.o(i.GPIO_WriteBit), (10 bytes).
    Removing misc.o(i.NVIC_SetVectorTable), (20 bytes).
    Removing misc.o(i.NVIC_SystemLPConfig), (24 bytes).
    Removing misc.o(i.SysTick_CLKSourceConfig), (24 bytes).
    Removing stm32f10x_adc.o(i.ADC_AnalogWatchdogCmd), (16 bytes).
    Removing stm32f10x_adc.o(i.ADC_AnalogWatchdogSingleChannelConfig), (12 bytes).
    Removing stm32f10x_adc.o(i.ADC_AnalogWatchdogThresholdsConfig), (6 bytes).
    Removing stm32f10x_adc.o(i.ADC_AutoInjectedConvCmd), (20 bytes).
    Removing stm32f10x_adc.o(i.ADC_ClearFlag), (6 bytes).
    Removing stm32f10x_adc.o(i.ADC_ClearITPendingBit), (8 bytes).
    Removing stm32f10x_adc.o(i.ADC_DeInit), (68 bytes).
    Removing stm32f10x_adc.o(i.ADC_DiscModeChannelCountConfig), (16 bytes).
    Removing stm32f10x_adc.o(i.ADC_DiscModeCmd), (20 bytes).
    Removing stm32f10x_adc.o(i.ADC_ExternalTrigConvCmd), (20 bytes).
    Removing stm32f10x_adc.o(i.ADC_ExternalTrigInjectedConvCmd), (20 bytes).
    Removing stm32f10x_adc.o(i.ADC_ExternalTrigInjectedConvConfig), (12 bytes).
    Removing stm32f10x_adc.o(i.ADC_GetConversionValue), (6 bytes).
    Removing stm32f10x_adc.o(i.ADC_GetDualModeConversionValue), (12 bytes).
    Removing stm32f10x_adc.o(i.ADC_GetFlagStatus), (14 bytes).
    Removing stm32f10x_adc.o(i.ADC_GetITStatus), (26 bytes).
    Removing stm32f10x_adc.o(i.ADC_GetInjectedConversionValue), (8 bytes).
    Removing stm32f10x_adc.o(i.ADC_GetSoftwareStartConvStatus), (14 bytes).
    Removing stm32f10x_adc.o(i.ADC_GetSoftwareStartInjectedConvCmdStatus), (14 bytes).
    Removing stm32f10x_adc.o(i.ADC_ITConfig), (18 bytes).
    Removing stm32f10x_adc.o(i.ADC_InjectedChannelConfig), (74 bytes).
    Removing stm32f10x_adc.o(i.ADC_InjectedDiscModeCmd), (20 bytes).
    Removing stm32f10x_adc.o(i.ADC_InjectedSequencerLengthConfig), (16 bytes).
    Removing stm32f10x_adc.o(i.ADC_SetInjectedOffset), (4 bytes).
    Removing stm32f10x_adc.o(i.ADC_SoftwareStartInjectedConvCmd), (20 bytes).
    Removing stm32f10x_adc.o(i.ADC_StructInit), (18 bytes).
    Removing stm32f10x_adc.o(i.ADC_TempSensorVrefintCmd), (28 bytes).
    Removing stm32f10x_dma.o(i.DMA_ClearITPendingBit), (24 bytes).
    Removing stm32f10x_dma.o(i.DMA_GetCurrDataCounter), (6 bytes).
    Removing stm32f10x_dma.o(i.DMA_GetFlagStatus), (32 bytes).
    Removing stm32f10x_dma.o(i.DMA_GetITStatus), (32 bytes).
    Removing stm32f10x_dma.o(i.DMA_StructInit), (26 bytes).
    Removing stm32f10x_exti.o(i.EXTI_ClearFlag), (12 bytes).
    Removing stm32f10x_exti.o(i.EXTI_DeInit), (36 bytes).
    Removing stm32f10x_exti.o(i.EXTI_GenerateSWInterrupt), (16 bytes).
    Removing stm32f10x_exti.o(i.EXTI_GetFlagStatus), (20 bytes).
    Removing stm32f10x_exti.o(i.EXTI_StructInit), (14 bytes).
    Removing stm32f10x_flash.o(i.FLASH_ClearFlag), (12 bytes).
    Removing stm32f10x_flash.o(i.FLASH_EnableWriteProtection), (172 bytes).
    Removing stm32f10x_flash.o(i.FLASH_EraseAllBank1Pages), (60 bytes).
    Removing stm32f10x_flash.o(i.FLASH_EraseAllPages), (60 bytes).
    Removing stm32f10x_flash.o(i.FLASH_EraseOptionBytes), (124 bytes).
    Removing stm32f10x_flash.o(i.FLASH_ErasePage), (64 bytes).
    Removing stm32f10x_flash.o(i.FLASH_GetBank1Status), (40 bytes).
    Removing stm32f10x_flash.o(i.FLASH_GetFlagStatus), (32 bytes).
    Removing stm32f10x_flash.o(i.FLASH_GetPrefetchBufferStatus), (20 bytes).
    Removing stm32f10x_flash.o(i.FLASH_GetReadOutProtectionStatus), (20 bytes).
    Removing stm32f10x_flash.o(i.FLASH_GetStatus), (40 bytes).
    Removing stm32f10x_flash.o(i.FLASH_GetUserOptionByte), (12 bytes).
    Removing stm32f10x_flash.o(i.FLASH_GetWriteProtectionOptionByte), (12 bytes).
    Removing stm32f10x_flash.o(i.FLASH_HalfCycleAccessCmd), (24 bytes).
    Removing stm32f10x_flash.o(i.FLASH_ITConfig), (24 bytes).
    Removing stm32f10x_flash.o(i.FLASH_Lock), (16 bytes).
    Removing stm32f10x_flash.o(i.FLASH_LockBank1), (16 bytes).
    Removing stm32f10x_flash.o(i.FLASH_ProgramHalfWord), (56 bytes).
    Removing stm32f10x_flash.o(i.FLASH_ProgramOptionByteData), (76 bytes).
    Removing stm32f10x_flash.o(i.FLASH_ProgramWord), (76 bytes).
    Removing stm32f10x_flash.o(i.FLASH_ReadOutProtection), (136 bytes).
    Removing stm32f10x_flash.o(i.FLASH_Unlock), (24 bytes).
    Removing stm32f10x_flash.o(i.FLASH_UnlockBank1), (24 bytes).
    Removing stm32f10x_flash.o(i.FLASH_UserOptionByteConfig), (96 bytes).
    Removing stm32f10x_flash.o(i.FLASH_WaitForLastBank1Operation), (36 bytes).
    Removing stm32f10x_flash.o(i.FLASH_WaitForLastOperation), (36 bytes).
    Removing stm32f10x_usart.o(i.USART_ClearFlag), (6 bytes).
    Removing stm32f10x_usart.o(i.USART_ClearITPendingBit), (12 bytes).
    Removing stm32f10x_usart.o(i.USART_ClockInit), (30 bytes).
    Removing stm32f10x_usart.o(i.USART_ClockStructInit), (12 bytes).
    Removing stm32f10x_usart.o(i.USART_Cmd), (20 bytes).
    Removing stm32f10x_usart.o(i.USART_DMACmd), (16 bytes).
    Removing stm32f10x_usart.o(i.USART_DeInit), (116 bytes).
    Removing stm32f10x_usart.o(i.USART_GetFlagStatus), (14 bytes).
    Removing stm32f10x_usart.o(i.USART_GetITStatus), (62 bytes).
    Removing stm32f10x_usart.o(i.USART_HalfDuplexCmd), (20 bytes).
    Removing stm32f10x_usart.o(i.USART_ITConfig), (48 bytes).
    Removing stm32f10x_usart.o(i.USART_Init), (180 bytes).
    Removing stm32f10x_usart.o(i.USART_IrDACmd), (20 bytes).
    Removing stm32f10x_usart.o(i.USART_IrDAConfig), (16 bytes).
    Removing stm32f10x_usart.o(i.USART_LINBreakDetectLengthConfig), (16 bytes).
    Removing stm32f10x_usart.o(i.USART_LINCmd), (20 bytes).
    Removing stm32f10x_usart.o(i.USART_OneBitMethodCmd), (20 bytes).
    Removing stm32f10x_usart.o(i.USART_OverSampling8Cmd), (20 bytes).
    Removing stm32f10x_usart.o(i.USART_ReceiveData), (8 bytes).
    Removing stm32f10x_usart.o(i.USART_ReceiverWakeUpCmd), (20 bytes).
    Removing stm32f10x_usart.o(i.USART_SendBreak), (10 bytes).
    Removing stm32f10x_usart.o(i.USART_SendData), (8 bytes).
    Removing stm32f10x_usart.o(i.USART_SetAddress), (16 bytes).
    Removing stm32f10x_usart.o(i.USART_SetGuardTime), (16 bytes).
    Removing stm32f10x_usart.o(i.USART_SetPrescaler), (16 bytes).
    Removing stm32f10x_usart.o(i.USART_SmartCardCmd), (20 bytes).
    Removing stm32f10x_usart.o(i.USART_SmartCardNACKCmd), (20 bytes).
    Removing stm32f10x_usart.o(i.USART_StructInit), (22 bytes).
    Removing stm32f10x_usart.o(i.USART_WakeUpConfig), (16 bytes).
    Removing stm32f10x_i2c.o(i.I2C_ARPCmd), (20 bytes).
    Removing stm32f10x_i2c.o(i.I2C_AcknowledgeConfig), (20 bytes).
    Removing stm32f10x_i2c.o(i.I2C_CalculatePEC), (20 bytes).
    Removing stm32f10x_i2c.o(i.I2C_CheckEvent), (24 bytes).
    Removing stm32f10x_i2c.o(i.I2C_ClearFlag), (6 bytes).
    Removing stm32f10x_i2c.o(i.I2C_ClearITPendingBit), (6 bytes).
    Removing stm32f10x_i2c.o(i.I2C_Cmd), (20 bytes).
    Removing stm32f10x_i2c.o(i.I2C_DMACmd), (20 bytes).
    Removing stm32f10x_i2c.o(i.I2C_DMALastTransferCmd), (20 bytes).
    Removing stm32f10x_i2c.o(i.I2C_DeInit), (44 bytes).
    Removing stm32f10x_i2c.o(i.I2C_DualAddressCmd), (20 bytes).
    Removing stm32f10x_i2c.o(i.I2C_FastModeDutyCycleConfig), (22 bytes).
    Removing stm32f10x_i2c.o(i.I2C_GeneralCallCmd), (20 bytes).
    Removing stm32f10x_i2c.o(i.I2C_GenerateSTART), (20 bytes).
    Removing stm32f10x_i2c.o(i.I2C_GenerateSTOP), (20 bytes).
    Removing stm32f10x_i2c.o(i.I2C_GetFlagStatus), (30 bytes).
    Removing stm32f10x_i2c.o(i.I2C_GetITStatus), (32 bytes).
    Removing stm32f10x_i2c.o(i.I2C_GetLastEvent), (14 bytes).
    Removing stm32f10x_i2c.o(i.I2C_GetPEC), (6 bytes).
    Removing stm32f10x_i2c.o(i.I2C_ITConfig), (16 bytes).
    Removing stm32f10x_i2c.o(i.I2C_Init), (184 bytes).
    Removing stm32f10x_i2c.o(i.I2C_OwnAddress2Config), (16 bytes).
    Removing stm32f10x_i2c.o(i.I2C_PECPositionConfig), (22 bytes).
    Removing stm32f10x_i2c.o(i.I2C_ReadRegister), (4 bytes).
    Removing stm32f10x_i2c.o(i.I2C_ReceiveData), (6 bytes).
    Removing stm32f10x_i2c.o(i.I2C_SMBusAlertConfig), (22 bytes).
    Removing stm32f10x_i2c.o(i.I2C_Send7bitAddress), (16 bytes).
    Removing stm32f10x_i2c.o(i.I2C_SendData), (4 bytes).
    Removing stm32f10x_i2c.o(i.I2C_SoftwareResetCmd), (20 bytes).
    Removing stm32f10x_i2c.o(i.I2C_StretchClockCmd), (20 bytes).
    Removing stm32f10x_i2c.o(i.I2C_StructInit), (28 bytes).
    Removing stm32f10x_i2c.o(i.I2C_TransmitPEC), (20 bytes).
    Removing stm32f10x_spi.o(i.I2S_Cmd), (20 bytes).
    Removing stm32f10x_spi.o(i.I2S_Init), (146 bytes).
    Removing stm32f10x_spi.o(i.I2S_StructInit), (18 bytes).
    Removing stm32f10x_spi.o(i.SPI_BiDirectionalLineConfig), (22 bytes).
    Removing stm32f10x_spi.o(i.SPI_CalculateCRC), (20 bytes).
    Removing stm32f10x_spi.o(i.SPI_Cmd), (20 bytes).
    Removing stm32f10x_spi.o(i.SPI_DataSizeConfig), (16 bytes).
    Removing stm32f10x_spi.o(i.SPI_GetCRC), (12 bytes).
    Removing stm32f10x_spi.o(i.SPI_GetCRCPolynomial), (4 bytes).
    Removing stm32f10x_spi.o(i.SPI_I2S_ClearFlag), (6 bytes).
    Removing stm32f10x_spi.o(i.SPI_I2S_ClearITPendingBit), (14 bytes).
    Removing stm32f10x_spi.o(i.SPI_I2S_DMACmd), (16 bytes).
    Removing stm32f10x_spi.o(i.SPI_I2S_DeInit), (84 bytes).
    Removing stm32f10x_spi.o(i.SPI_I2S_GetFlagStatus), (14 bytes).
    Removing stm32f10x_spi.o(i.SPI_I2S_GetITStatus), (40 bytes).
    Removing stm32f10x_spi.o(i.SPI_I2S_ITConfig), (24 bytes).
    Removing stm32f10x_spi.o(i.SPI_I2S_ReceiveData), (4 bytes).
    Removing stm32f10x_spi.o(i.SPI_I2S_SendData), (4 bytes).
    Removing stm32f10x_spi.o(i.SPI_Init), (56 bytes).
    Removing stm32f10x_spi.o(i.SPI_NSSInternalSoftwareConfig), (24 bytes).
    Removing stm32f10x_spi.o(i.SPI_SSOutputCmd), (20 bytes).
    Removing stm32f10x_spi.o(i.SPI_StructInit), (24 bytes).
    Removing stm32f10x_spi.o(i.SPI_TransmitCRC), (10 bytes).
    Removing stm32f10x_sdio.o(i.SDIO_CEATAITCmd), (16 bytes).
    Removing stm32f10x_sdio.o(i.SDIO_ClearFlag), (12 bytes).
    Removing stm32f10x_sdio.o(i.SDIO_ClearITPendingBit), (12 bytes).
    Removing stm32f10x_sdio.o(i.SDIO_ClockCmd), (12 bytes).
    Removing stm32f10x_sdio.o(i.SDIO_CmdStructInit), (14 bytes).
    Removing stm32f10x_sdio.o(i.SDIO_CommandCompletionCmd), (12 bytes).
    Removing stm32f10x_sdio.o(i.SDIO_DMACmd), (12 bytes).
    Removing stm32f10x_sdio.o(i.SDIO_DataConfig), (44 bytes).
    Removing stm32f10x_sdio.o(i.SDIO_DataStructInit), (20 bytes).
    Removing stm32f10x_sdio.o(i.SDIO_DeInit), (36 bytes).
    Removing stm32f10x_sdio.o(i.SDIO_GetCommandResponse), (12 bytes).
    Removing stm32f10x_sdio.o(i.SDIO_GetDataCounter), (12 bytes).
    Removing stm32f10x_sdio.o(i.SDIO_GetFIFOCount), (12 bytes).
    Removing stm32f10x_sdio.o(i.SDIO_GetFlagStatus), (20 bytes).
    Removing stm32f10x_sdio.o(i.SDIO_GetITStatus), (20 bytes).
    Removing stm32f10x_sdio.o(i.SDIO_GetPowerState), (16 bytes).
    Removing stm32f10x_sdio.o(i.SDIO_GetResponse), (12 bytes).
    Removing stm32f10x_sdio.o(i.SDIO_ITConfig), (24 bytes).
    Removing stm32f10x_sdio.o(i.SDIO_Init), (44 bytes).
    Removing stm32f10x_sdio.o(i.SDIO_ReadData), (12 bytes).
    Removing stm32f10x_sdio.o(i.SDIO_SendCEATACmd), (12 bytes).
    Removing stm32f10x_sdio.o(i.SDIO_SendCommand), (40 bytes).
    Removing stm32f10x_sdio.o(i.SDIO_SendSDIOSuspendCmd), (12 bytes).
    Removing stm32f10x_sdio.o(i.SDIO_SetPowerState), (24 bytes).
    Removing stm32f10x_sdio.o(i.SDIO_SetSDIOOperation), (12 bytes).
    Removing stm32f10x_sdio.o(i.SDIO_SetSDIOReadWaitMode), (12 bytes).
    Removing stm32f10x_sdio.o(i.SDIO_StartSDIOReadWait), (12 bytes).
    Removing stm32f10x_sdio.o(i.SDIO_StopSDIOReadWait), (12 bytes).
    Removing stm32f10x_sdio.o(i.SDIO_StructInit), (16 bytes).
    Removing stm32f10x_sdio.o(i.SDIO_WriteData), (12 bytes).
    Removing startup_stm32f10x_xl.o(HEAP), (512 bytes).
    Removing core_cm3.o(.emb_text), (32 bytes).
    Removing system_stm32f10x.o(i.SystemCoreClockUpdate), (104 bytes).
    Removing system_stm32f10x.o(.data), (20 bytes).
    Removing stm32_eval.o(i.LM75_LowLevel_DeInit), (88 bytes).
    Removing stm32_eval.o(i.LM75_LowLevel_Init), (88 bytes).
    Removing stm32_eval.o(i.SD_LowLevel_DMA_RxConfig), (92 bytes).
    Removing stm32_eval.o(i.SD_LowLevel_DMA_TxConfig), (96 bytes).
    Removing stm32_eval.o(i.SD_LowLevel_DeInit), (72 bytes).
    Removing stm32_eval.o(i.SD_LowLevel_Init), (104 bytes).
    Removing stm32_eval.o(i.SD_WaitForDMAEndOfTransfer), (20 bytes).
    Removing stm32_eval.o(i.STM_EVAL_COMInit), (164 bytes).
    Removing stm32_eval.o(i.STM_EVAL_LEDToggle), (28 bytes).
    Removing stm32_eval.o(i.sFLASH_LowLevel_DeInit), (104 bytes).
    Removing stm32_eval.o(i.sFLASH_LowLevel_Init), (104 bytes).

272 unused section(s) (total 8873 bytes) removed from the image.

==============================================================================

Image Symbol Table

    Local Symbols

    Symbol Name                              Value     Ov Type        Size  Object(Section)

    ../../../cmprslib/zerorunl2.c            0x00000000   Number         0  __dczerorl2.o ABSOLUTE
    ../../microlib/init/entry.s              0x00000000   Number         0  entry7b.o ABSOLUTE
    ../../microlib/init/entry.s              0x00000000   Number         0  entry5.o ABSOLUTE
    ../../microlib/init/entry.s              0x00000000   Number         0  entry.o ABSOLUTE
    ../../microlib/init/entry.s              0x00000000   Number         0  entry2.o ABSOLUTE
    ../../microlib/init/entry.s              0x00000000   Number         0  entry7a.o ABSOLUTE
    ../../microlib/init/entry.s              0x00000000   Number         0  entry8.o ABSOLUTE
    ..\..\..\Libraries\CMSIS\CM3\CoreSupport\core_cm3.c 0x00000000   Number         0  core_cm3.o ABSOLUTE
    ..\..\..\Libraries\CMSIS\CM3\DeviceSupport\ST\STM32F10x\startup\arm\startup_stm32f10x_xl.s 0x00000000   Number         0  startup_stm32f10x_xl.o ABSOLUTE
    ..\..\..\Libraries\CMSIS\CM3\DeviceSupport\ST\STM32F10x\system_stm32f10x.c 0x00000000   Number         0  system_stm32f10x.o ABSOLUTE
    ..\..\..\Libraries\STM32F10x_StdPeriph_Driver\src\misc.c 0x00000000   Number         0  misc.o ABSOLUTE
    ..\..\..\Libraries\STM32F10x_StdPeriph_Driver\src\stm32f10x_adc.c 0x00000000   Number         0  stm32f10x_adc.o ABSOLUTE
    ..\..\..\Libraries\STM32F10x_StdPeriph_Driver\src\stm32f10x_dma.c 0x00000000   Number         0  stm32f10x_dma.o ABSOLUTE
    ..\..\..\Libraries\STM32F10x_StdPeriph_Driver\src\stm32f10x_exti.c 0x00000000   Number         0  stm32f10x_exti.o ABSOLUTE
    ..\..\..\Libraries\STM32F10x_StdPeriph_Driver\src\stm32f10x_flash.c 0x00000000   Number         0  stm32f10x_flash.o ABSOLUTE
    ..\..\..\Libraries\STM32F10x_StdPeriph_Driver\src\stm32f10x_gpio.c 0x00000000   Number         0  stm32f10x_gpio.o ABSOLUTE
    ..\..\..\Libraries\STM32F10x_StdPeriph_Driver\src\stm32f10x_i2c.c 0x00000000   Number         0  stm32f10x_i2c.o ABSOLUTE
    ..\..\..\Libraries\STM32F10x_StdPeriph_Driver\src\stm32f10x_rcc.c 0x00000000   Number         0  stm32f10x_rcc.o ABSOLUTE
    ..\..\..\Libraries\STM32F10x_StdPeriph_Driver\src\stm32f10x_sdio.c 0x00000000   Number         0  stm32f10x_sdio.o ABSOLUTE
    ..\..\..\Libraries\STM32F10x_StdPeriph_Driver\src\stm32f10x_spi.c 0x00000000   Number         0  stm32f10x_spi.o ABSOLUTE
    ..\..\..\Libraries\STM32F10x_StdPeriph_Driver\src\stm32f10x_usart.c 0x00000000   Number         0  stm32f10x_usart.o ABSOLUTE
    ..\..\..\Libraries\STM32_USB-FS-Device_Driver\src\otgd_fs_cal.c 0x00000000   Number         0  otgd_fs_cal.o ABSOLUTE
    ..\..\..\Libraries\STM32_USB-FS-Device_Driver\src\otgd_fs_dev.c 0x00000000   Number         0  otgd_fs_dev.o ABSOLUTE
    ..\..\..\Libraries\STM32_USB-FS-Device_Driver\src\otgd_fs_int.c 0x00000000   Number         0  otgd_fs_int.o ABSOLUTE
    ..\..\..\Libraries\STM32_USB-FS-Device_Driver\src\otgd_fs_pcd.c 0x00000000   Number         0  otgd_fs_pcd.o ABSOLUTE
    ..\..\..\Libraries\STM32_USB-FS-Device_Driver\src\usb_core.c 0x00000000   Number         0  usb_core.o ABSOLUTE
    ..\..\..\Libraries\STM32_USB-FS-Device_Driver\src\usb_init.c 0x00000000   Number         0  usb_init.o ABSOLUTE
    ..\..\..\Libraries\STM32_USB-FS-Device_Driver\src\usb_int.c 0x00000000   Number         0  usb_int.o ABSOLUTE
    ..\..\..\Libraries\STM32_USB-FS-Device_Driver\src\usb_mem.c 0x00000000   Number         0  usb_mem.o ABSOLUTE
    ..\..\..\Libraries\STM32_USB-FS-Device_Driver\src\usb_regs.c 0x00000000   Number         0  usb_regs.o ABSOLUTE
    ..\..\..\Libraries\STM32_USB-FS-Device_Driver\src\usb_sil.c 0x00000000   Number         0  usb_sil.o ABSOLUTE
    ..\..\..\Utilities\STM32_EVAL\stm32_eval.c 0x00000000   Number         0  stm32_eval.o ABSOLUTE
    ..\\..\\..\\Libraries\\CMSIS\\CM3\\CoreSupport\\core_cm3.c 0x00000000   Number         0  core_cm3.o ABSOLUTE
    ..\src\hw_config.c                       0x00000000   Number         0  hw_config.o ABSOLUTE
    ..\src\main.c                            0x00000000   Number         0  main.o ABSOLUTE
    ..\src\stm32f10x_it.c                    0x00000000   Number         0  stm32f10x_it.o ABSOLUTE
    ..\src\usb_desc.c                        0x00000000   Number         0  usb_desc.o ABSOLUTE
    ..\src\usb_endp.c                        0x00000000   Number         0  usb_endp.o ABSOLUTE
    ..\src\usb_istr.c                        0x00000000   Number         0  usb_istr.o ABSOLUTE
    ..\src\usb_prop.c                        0x00000000   Number         0  usb_prop.o ABSOLUTE
    ..\src\usb_pwr.c                         0x00000000   Number         0  usb_pwr.o ABSOLUTE
    dc.s                                     0x00000000   Number         0  dc.o ABSOLUTE
    handlers.s                               0x00000000   Number         0  handlers.o ABSOLUTE
    init.s                                   0x00000000   Number         0  init.o ABSOLUTE
    RESET                                    0x08000000   Section      304  startup_stm32f10x_xl.o(RESET)
    .ARM.Collect$$$$00000000                 0x08000130   Section        0  entry.o(.ARM.Collect$$$$00000000)
    .ARM.Collect$$$$00000001                 0x08000130   Section        4  entry2.o(.ARM.Collect$$$$00000001)
    .ARM.Collect$$$$00000004                 0x08000134   Section        4  entry5.o(.ARM.Collect$$$$00000004)
    .ARM.Collect$$$$00000008                 0x08000138   Section        0  entry7b.o(.ARM.Collect$$$$00000008)
    .ARM.Collect$$$$00000009                 0x08000138   Section        8  entry8.o(.ARM.Collect$$$$00000009)
    .ARM.Collect$$$$00002712                 0x08000140   Section        4  entry2.o(.ARM.Collect$$$$00002712)
    __lit__00000000                          0x08000140   Data           4  entry2.o(.ARM.Collect$$$$00002712)
    .text                                    0x08000144   Section       36  startup_stm32f10x_xl.o(.text)
    .text                                    0x08000168   Section       36  init.o(.text)
    .text                                    0x0800018c   Section        0  __dczerorl2.o(.text)
    i.ADC_Cmd                                0x080001e8   Section        0  stm32f10x_adc.o(i.ADC_Cmd)
    i.ADC_Configuration                      0x080001fc   Section        0  hw_config.o(i.ADC_Configuration)
    i.ADC_DMACmd                             0x080002c4   Section        0  stm32f10x_adc.o(i.ADC_DMACmd)
    i.ADC_GetCalibrationStatus               0x080002d8   Section        0  stm32f10x_adc.o(i.ADC_GetCalibrationStatus)
    i.ADC_GetResetCalibrationStatus          0x080002e6   Section        0  stm32f10x_adc.o(i.ADC_GetResetCalibrationStatus)
    i.ADC_Init                               0x080002f4   Section        0  stm32f10x_adc.o(i.ADC_Init)
    i.ADC_RegularChannelConfig               0x0800033c   Section        0  stm32f10x_adc.o(i.ADC_RegularChannelConfig)
    i.ADC_ResetCalibration                   0x080003b0   Section        0  stm32f10x_adc.o(i.ADC_ResetCalibration)
    i.ADC_SoftwareStartConvCmd               0x080003ba   Section        0  stm32f10x_adc.o(i.ADC_SoftwareStartConvCmd)
    i.ADC_StartCalibration                   0x080003ce   Section        0  stm32f10x_adc.o(i.ADC_StartCalibration)
    i.BusFault_Handler                       0x080003d8   Section        0  stm32f10x_it.o(i.BusFault_Handler)
    i.ByteSwap                               0x080003da   Section        0  usb_regs.o(i.ByteSwap)
    i.CTR_LP                                 0x080003e4   Section        0  usb_int.o(i.CTR_LP)
    i.ClearDTOG_RX                           0x0800052c   Section        0  usb_regs.o(i.ClearDTOG_RX)
    i.ClearDTOG_TX                           0x08000550   Section        0  usb_regs.o(i.ClearDTOG_TX)
    i.Clear_Status_Out                       0x08000574   Section        0  usb_regs.o(i.Clear_Status_Out)
    i.CustomHID_Data_Setup                   0x08000594   Section        0  usb_prop.o(i.CustomHID_Data_Setup)
    i.CustomHID_GetConfigDescriptor          0x080005f0   Section        0  usb_prop.o(i.CustomHID_GetConfigDescriptor)
    i.CustomHID_GetDeviceDescriptor          0x080005fc   Section        0  usb_prop.o(i.CustomHID_GetDeviceDescriptor)
    i.CustomHID_GetHIDDescriptor             0x08000608   Section        0  usb_prop.o(i.CustomHID_GetHIDDescriptor)
    i.CustomHID_GetProtocolValue             0x08000614   Section        0  usb_prop.o(i.CustomHID_GetProtocolValue)
    i.CustomHID_GetReportDescriptor          0x08000630   Section        0  usb_prop.o(i.CustomHID_GetReportDescriptor)
    i.CustomHID_GetStringDescriptor          0x0800063c   Section        0  usb_prop.o(i.CustomHID_GetStringDescriptor)
    i.CustomHID_Get_Interface_Setting        0x0800065c   Section        0  usb_prop.o(i.CustomHID_Get_Interface_Setting)
    i.CustomHID_NoData_Setup                 0x08000668   Section        0  usb_prop.o(i.CustomHID_NoData_Setup)
    i.CustomHID_Reset                        0x08000688   Section        0  usb_prop.o(i.CustomHID_Reset)
    i.CustomHID_SetConfiguration             0x08000738   Section        0  usb_prop.o(i.CustomHID_SetConfiguration)
    i.CustomHID_SetDeviceAddress             0x08000760   Section        0  usb_prop.o(i.CustomHID_SetDeviceAddress)
    i.CustomHID_SetProtocol                  0x0800076c   Section        0  usb_prop.o(i.CustomHID_SetProtocol)
    i.CustomHID_Status_In                    0x08000784   Section        0  usb_prop.o(i.CustomHID_Status_In)
    i.CustomHID_Status_Out                   0x08000786   Section        0  usb_prop.o(i.CustomHID_Status_Out)
    i.CustomHID_init                         0x08000788   Section        0  usb_prop.o(i.CustomHID_init)
    i.DMA1_Channel1_IRQHandler               0x080007ac   Section        0  stm32f10x_it.o(i.DMA1_Channel1_IRQHandler)
    i.DMA_ClearFlag                          0x080007f0   Section        0  stm32f10x_dma.o(i.DMA_ClearFlag)
    i.DMA_Cmd                                0x08000808   Section        0  stm32f10x_dma.o(i.DMA_Cmd)
    i.DMA_DeInit                             0x0800081c   Section        0  stm32f10x_dma.o(i.DMA_DeInit)
    i.DMA_ITConfig                           0x080008fc   Section        0  stm32f10x_dma.o(i.DMA_ITConfig)
    i.DMA_Init                               0x0800090c   Section        0  stm32f10x_dma.o(i.DMA_Init)
    i.DataStageIn                            0x08000948   Section        0  usb_core.o(i.DataStageIn)
    DataStageIn                              0x08000949   Thumb Code   162  usb_core.o(i.DataStageIn)
    i.DataStageOut                           0x08000a04   Section        0  usb_core.o(i.DataStageOut)
    DataStageOut                             0x08000a05   Thumb Code   146  usb_core.o(i.DataStageOut)
    i.Data_Setup0                            0x08000aac   Section        0  usb_core.o(i.Data_Setup0)
    Data_Setup0                              0x08000aad   Thumb Code   372  usb_core.o(i.Data_Setup0)
    i.DebugMon_Handler                       0x08000c44   Section        0  stm32f10x_it.o(i.DebugMon_Handler)
    i.EP1_OUT_Callback                       0x08000c48   Section        0  usb_endp.o(i.EP1_OUT_Callback)
    i.EXTI15_10_IRQHandler                   0x08000cbc   Section        0  stm32f10x_it.o(i.EXTI15_10_IRQHandler)
    i.EXTI9_5_IRQHandler                     0x08000d04   Section        0  stm32f10x_it.o(i.EXTI9_5_IRQHandler)
    i.EXTI_ClearITPendingBit                 0x08000d4c   Section        0  stm32f10x_exti.o(i.EXTI_ClearITPendingBit)
    i.EXTI_Configuration                     0x08000d58   Section        0  hw_config.o(i.EXTI_Configuration)
    i.EXTI_GetITStatus                       0x08000da0   Section        0  stm32f10x_exti.o(i.EXTI_GetITStatus)
    i.EXTI_Init                              0x08000dc0   Section        0  stm32f10x_exti.o(i.EXTI_Init)
    i.Enter_LowPowerMode                     0x08000e30   Section        0  hw_config.o(i.Enter_LowPowerMode)
    i.FLASH_PrefetchBufferCmd                0x08000e3c   Section        0  stm32f10x_flash.o(i.FLASH_PrefetchBufferCmd)
    i.FLASH_SetLatency                       0x08000e54   Section        0  stm32f10x_flash.o(i.FLASH_SetLatency)
    i.GPIO_Configuration                     0x08000e68   Section        0  hw_config.o(i.GPIO_Configuration)
    i.GPIO_EXTILineConfig                    0x08000eac   Section        0  stm32f10x_gpio.o(i.GPIO_EXTILineConfig)
    i.GPIO_Init                              0x08000ed4   Section        0  stm32f10x_gpio.o(i.GPIO_Init)
    i.GPIO_ReadInputDataBit                  0x08000f78   Section        0  stm32f10x_gpio.o(i.GPIO_ReadInputDataBit)
    i.GPIO_ResetBits                         0x08000f86   Section        0  stm32f10x_gpio.o(i.GPIO_ResetBits)
    i.GPIO_SetBits                           0x08000f8a   Section        0  stm32f10x_gpio.o(i.GPIO_SetBits)
    i.GetEPRxAddr                            0x08000f90   Section        0  usb_regs.o(i.GetEPRxAddr)
    i.GetEPRxCount                           0x08000fb0   Section        0  usb_regs.o(i.GetEPRxCount)
    i.GetEPTxAddr                            0x08000fd0   Section        0  usb_regs.o(i.GetEPTxAddr)
    i.Get_SerialNum                          0x08000fec   Section        0  hw_config.o(i.Get_SerialNum)
    i.HardFault_Handler                      0x08001020   Section        0  stm32f10x_it.o(i.HardFault_Handler)
    i.In0_Process                            0x08001024   Section        0  usb_core.o(i.In0_Process)
    i.IntToUnicode                           0x08001080   Section        0  hw_config.o(i.IntToUnicode)
    IntToUnicode                             0x08001081   Thumb Code    54  hw_config.o(i.IntToUnicode)
    i.Leave_LowPowerMode                     0x080010b8   Section        0  hw_config.o(i.Leave_LowPowerMode)
    i.MemManage_Handler                      0x080010d4   Section        0  stm32f10x_it.o(i.MemManage_Handler)
    i.NMI_Handler                            0x080010d6   Section        0  stm32f10x_it.o(i.NMI_Handler)
    i.NOP_Process                            0x080010d8   Section        0  usb_core.o(i.NOP_Process)
    i.NVIC_Init                              0x080010dc   Section        0  misc.o(i.NVIC_Init)
    i.NVIC_PriorityGroupConfig               0x08001140   Section        0  misc.o(i.NVIC_PriorityGroupConfig)
    i.NoData_Setup0                          0x08001154   Section        0  usb_core.o(i.NoData_Setup0)
    NoData_Setup0                            0x08001155   Thumb Code   196  usb_core.o(i.NoData_Setup0)
    i.Out0_Process                           0x0800122c   Section        0  usb_core.o(i.Out0_Process)
    i.PMAToUserBufferCopy                    0x08001274   Section        0  usb_mem.o(i.PMAToUserBufferCopy)
    i.PendSV_Handler                         0x08001290   Section        0  stm32f10x_it.o(i.PendSV_Handler)
    i.Post0_Process                          0x08001294   Section        0  usb_core.o(i.Post0_Process)
    i.PowerOn                                0x080012d8   Section        0  usb_pwr.o(i.PowerOn)
    i.RCC_ADCCLKConfig                       0x08001304   Section        0  stm32f10x_rcc.o(i.RCC_ADCCLKConfig)
    i.RCC_AHBPeriphClockCmd                  0x08001318   Section        0  stm32f10x_rcc.o(i.RCC_AHBPeriphClockCmd)
    i.RCC_APB1PeriphClockCmd                 0x08001330   Section        0  stm32f10x_rcc.o(i.RCC_APB1PeriphClockCmd)
    i.RCC_APB2PeriphClockCmd                 0x08001348   Section        0  stm32f10x_rcc.o(i.RCC_APB2PeriphClockCmd)
    i.RCC_DeInit                             0x08001360   Section        0  stm32f10x_rcc.o(i.RCC_DeInit)
    i.RCC_GetFlagStatus                      0x080013a0   Section        0  stm32f10x_rcc.o(i.RCC_GetFlagStatus)
    i.RCC_GetSYSCLKSource                    0x080013d0   Section        0  stm32f10x_rcc.o(i.RCC_GetSYSCLKSource)
    i.RCC_HCLKConfig                         0x080013e0   Section        0  stm32f10x_rcc.o(i.RCC_HCLKConfig)
    i.RCC_HSEConfig                          0x080013f4   Section        0  stm32f10x_rcc.o(i.RCC_HSEConfig)
    i.RCC_PCLK1Config                        0x08001428   Section        0  stm32f10x_rcc.o(i.RCC_PCLK1Config)
    i.RCC_PCLK2Config                        0x0800143c   Section        0  stm32f10x_rcc.o(i.RCC_PCLK2Config)
    i.RCC_PLLCmd                             0x08001450   Section        0  stm32f10x_rcc.o(i.RCC_PLLCmd)
    i.RCC_PLLConfig                          0x0800145c   Section        0  stm32f10x_rcc.o(i.RCC_PLLConfig)
    i.RCC_SYSCLKConfig                       0x08001470   Section        0  stm32f10x_rcc.o(i.RCC_SYSCLKConfig)
    i.RCC_USBCLKConfig                       0x08001484   Section        0  stm32f10x_rcc.o(i.RCC_USBCLKConfig)
    i.RCC_WaitForHSEStartUp                  0x08001490   Section        0  stm32f10x_rcc.o(i.RCC_WaitForHSEStartUp)
    i.Resume                                 0x080014b8   Section        0  usb_pwr.o(i.Resume)
    i.Resume_Init                            0x08001534   Section        0  usb_pwr.o(i.Resume_Init)
    i.STM_EVAL_LEDInit                       0x08001554   Section        0  stm32_eval.o(i.STM_EVAL_LEDInit)
    i.STM_EVAL_LEDOff                        0x08001594   Section        0  stm32_eval.o(i.STM_EVAL_LEDOff)
    i.STM_EVAL_LEDOn                         0x080015ac   Section        0  stm32_eval.o(i.STM_EVAL_LEDOn)
    i.STM_EVAL_PBGetState                    0x080015c4   Section        0  stm32_eval.o(i.STM_EVAL_PBGetState)
    i.STM_EVAL_PBInit                        0x080015dc   Section        0  stm32_eval.o(i.STM_EVAL_PBInit)
    i.SVC_Handler                            0x08001680   Section        0  stm32f10x_it.o(i.SVC_Handler)
    i.SetBTABLE                              0x08001684   Section        0  usb_regs.o(i.SetBTABLE)
    i.SetDeviceAddress                       0x08001694   Section        0  usb_core.o(i.SetDeviceAddress)
    i.SetEPRxAddr                            0x080016d8   Section        0  usb_regs.o(i.SetEPRxAddr)
    i.SetEPRxCount                           0x080016f8   Section        0  usb_regs.o(i.SetEPRxCount)
    i.SetEPRxStatus                          0x08001738   Section        0  usb_regs.o(i.SetEPRxStatus)
    i.SetEPRxValid                           0x08001768   Section        0  usb_regs.o(i.SetEPRxValid)
    i.SetEPTxAddr                            0x0800178c   Section        0  usb_regs.o(i.SetEPTxAddr)
    i.SetEPTxCount                           0x080017ac   Section        0  usb_regs.o(i.SetEPTxCount)
    i.SetEPTxStatus                          0x080017c8   Section        0  usb_regs.o(i.SetEPTxStatus)
    i.SetEPTxValid                           0x080017f8   Section        0  usb_regs.o(i.SetEPTxValid)
    i.SetEPType                              0x0800181c   Section        0  usb_regs.o(i.SetEPType)
    i.SetSysClockTo72                        0x08001838   Section        0  system_stm32f10x.o(i.SetSysClockTo72)
    SetSysClockTo72                          0x08001839   Thumb Code   138  system_stm32f10x.o(i.SetSysClockTo72)
    i.Set_System                             0x080018cc   Section        0  hw_config.o(i.Set_System)
    i.Set_USBClock                           0x08001978   Section        0  hw_config.o(i.Set_USBClock)
    i.Setup0_Process                         0x0800198c   Section        0  usb_core.o(i.Setup0_Process)
    i.Standard_ClearFeature                  0x080019f4   Section        0  usb_core.o(i.Standard_ClearFeature)
    i.Standard_GetConfiguration              0x08001ae0   Section        0  usb_core.o(i.Standard_GetConfiguration)
    i.Standard_GetDescriptorData             0x08001b08   Section        0  usb_core.o(i.Standard_GetDescriptorData)
    i.Standard_GetInterface                  0x08001b24   Section        0  usb_core.o(i.Standard_GetInterface)
    i.Standard_GetStatus                     0x08001b4c   Section        0  usb_core.o(i.Standard_GetStatus)
    i.Standard_SetConfiguration              0x08001bdc   Section        0  usb_core.o(i.Standard_SetConfiguration)
    i.Standard_SetDeviceFeature              0x08001c14   Section        0  usb_core.o(i.Standard_SetDeviceFeature)
    i.Standard_SetEndPointFeature            0x08001c38   Section        0  usb_core.o(i.Standard_SetEndPointFeature)
    i.Standard_SetInterface                  0x08001cbc   Section        0  usb_core.o(i.Standard_SetInterface)
    i.Suspend                                0x08001d04   Section        0  usb_pwr.o(i.Suspend)
    i.SysTick_Handler                        0x08001d24   Section        0  stm32f10x_it.o(i.SysTick_Handler)
    i.SystemInit                             0x08001d28   Section        0  system_stm32f10x.o(i.SystemInit)
    i.USB_Cable_Config                       0x08001d68   Section        0  hw_config.o(i.USB_Cable_Config)
    i.USB_Init                               0x08001d80   Section        0  usb_init.o(i.USB_Init)
    i.USB_Interrupts_Config                  0x08001da8   Section        0  hw_config.o(i.USB_Interrupts_Config)
    i.USB_Istr                               0x08001e04   Section        0  usb_istr.o(i.USB_Istr)
    i.USB_LP_CAN1_RX0_IRQHandler             0x08001ec0   Section        0  stm32f10x_it.o(i.USB_LP_CAN1_RX0_IRQHandler)
    i.USB_SIL_Init                           0x08001ec4   Section        0  usb_sil.o(i.USB_SIL_Init)
    i.USB_SIL_Read                           0x08001ee4   Section        0  usb_sil.o(i.USB_SIL_Read)
    i.USB_SIL_Write                          0x08001f08   Section        0  usb_sil.o(i.USB_SIL_Write)
    i.UsageFault_Handler                     0x08001f30   Section        0  stm32f10x_it.o(i.UsageFault_Handler)
    i.UserToPMABufferCopy                    0x08001f34   Section        0  usb_mem.o(i.UserToPMABufferCopy)
    i.__scatterload_copy                     0x08001f5c   Section       14  handlers.o(i.__scatterload_copy)
    i.__scatterload_null                     0x08001f6a   Section        2  handlers.o(i.__scatterload_null)
    i.__scatterload_zeroinit                 0x08001f6c   Section       14  handlers.o(i.__scatterload_zeroinit)
    i.main                                   0x08001f7a   Section        0  main.o(i.main)
    .constdata                               0x08001f8c   Section       18  usb_desc.o(.constdata)
    .constdata                               0x08001f9e   Section       41  usb_desc.o(.constdata)
    .constdata                               0x08001fc7   Section      163  usb_desc.o(.constdata)
    .constdata                               0x0800206a   Section        4  usb_desc.o(.constdata)
    .constdata                               0x0800206e   Section       38  usb_desc.o(.constdata)
    .constdata                               0x08002094   Section       32  usb_desc.o(.constdata)
    .constdata                               0x080020b4   Section      168  stm32_eval.o(.constdata)
    .data                                    0x20000000   Section        8  hw_config.o(.data)
    .data                                    0x20000008   Section        4  hw_config.o(.data)
    .data                                    0x2000000c   Section        2  stm32f10x_it.o(.data)
    .data                                    0x2000000e   Section       26  usb_desc.o(.data)
    .data                                    0x20000028   Section        2  usb_endp.o(.data)
    .data                                    0x2000002a   Section        4  usb_istr.o(.data)
    .data                                    0x20000030   Section       28  usb_istr.o(.data)
    .data                                    0x2000004c   Section       28  usb_istr.o(.data)
    .data                                    0x20000068   Section        2  usb_prop.o(.data)
    .data                                    0x2000006c   Section      116  usb_prop.o(.data)
    .data                                    0x200000e0   Section       36  usb_prop.o(.data)
    .data                                    0x20000104   Section        4  usb_pwr.o(.data)
    .data                                    0x20000108   Section        1  usb_pwr.o(.data)
    .data                                    0x20000109   Section        2  usb_pwr.o(.data)
    .data                                    0x2000010b   Section        1  usb_init.o(.data)
    .data                                    0x2000010c   Section       12  usb_init.o(.data)
    .data                                    0x20000118   Section        2  usb_init.o(.data)
    .data                                    0x2000011a   Section        4  usb_int.o(.data)
    .data                                    0x2000011e   Section        4  usb_core.o(.data)
    .data                                    0x20000124   Section       72  stm32_eval.o(.data)
    .bss                                     0x2000016c   Section       28  usb_init.o(.bss)
    STACK                                    0x20000188   Section     1024  startup_stm32f10x_xl.o(STACK)

    Global Symbols

    Symbol Name                              Value     Ov Type        Size  Object(Section)

    BuildAttributes$$THM_ISAv4$P$D$K$B$S$PE$A:L22UL41UL21$X:L11$S22US41US21$IEEE1$IW$USESV6$~STKCKD$USESV7$~SHL$OSPACE$EBA8$MICROLIB$REQ8$PRES8$EABIv2 0x00000000   Number         0  anon$$obj.o ABSOLUTE
    __ARM_use_no_argv                        0x00000000   Number         0  main.o ABSOLUTE
    _clock_init                               - Undefined Weak Reference
    __Vectors_Size                           0x00000130   Number         0  startup_stm32f10x_xl.o ABSOLUTE
    __Vectors                                0x08000000   Data           4  startup_stm32f10x_xl.o(RESET)
    __Vectors_End                            0x08000130   Data           0  startup_stm32f10x_xl.o(RESET)
    __main                                   0x08000131   Thumb Code     0  entry.o(.ARM.Collect$$$$00000000)
    _main_stk                                0x08000131   Thumb Code     0  entry2.o(.ARM.Collect$$$$00000001)
    _main_scatterload                        0x08000135   Thumb Code     0  entry5.o(.ARM.Collect$$$$00000004)
    __main_after_scatterload                 0x08000139   Thumb Code     0  entry5.o(.ARM.Collect$$$$00000004)
    _main_clock                              0x08000139   Thumb Code     0  entry7b.o(.ARM.Collect$$$$00000008)
    _main_init                               0x08000139   Thumb Code     0  entry8.o(.ARM.Collect$$$$00000009)
    Reset_Handler                            0x08000145   Thumb Code     8  startup_stm32f10x_xl.o(.text)
    ADC1_2_IRQHandler                        0x0800015f   Thumb Code     0  startup_stm32f10x_xl.o(.text)
    ADC3_IRQHandler                          0x0800015f   Thumb Code     0  startup_stm32f10x_xl.o(.text)
    CAN1_RX1_IRQHandler                      0x0800015f   Thumb Code     0  startup_stm32f10x_xl.o(.text)
    CAN1_SCE_IRQHandler                      0x0800015f   Thumb Code     0  startup_stm32f10x_xl.o(.text)
    DMA1_Channel2_IRQHandler                 0x0800015f   Thumb Code     0  startup_stm32f10x_xl.o(.text)
    DMA1_Channel3_IRQHandler                 0x0800015f   Thumb Code     0  startup_stm32f10x_xl.o(.text)
    DMA1_Channel4_IRQHandler                 0x0800015f   Thumb Code     0  startup_stm32f10x_xl.o(.text)
    DMA1_Channel5_IRQHandler                 0x0800015f   Thumb Code     0  startup_stm32f10x_xl.o(.text)
    DMA1_Channel6_IRQHandler                 0x0800015f   Thumb Code     0  startup_stm32f10x_xl.o(.text)
    DMA1_Channel7_IRQHandler                 0x0800015f   Thumb Code     0  startup_stm32f10x_xl.o(.text)
    DMA2_Channel1_IRQHandler                 0x0800015f   Thumb Code     0  startup_stm32f10x_xl.o(.text)
    DMA2_Channel2_IRQHandler                 0x0800015f   Thumb Code     0  startup_stm32f10x_xl.o(.text)
    DMA2_Channel3_IRQHandler                 0x0800015f   Thumb Code     0  startup_stm32f10x_xl.o(.text)
    DMA2_Channel4_5_IRQHandler               0x0800015f   Thumb Code     0  startup_stm32f10x_xl.o(.text)
    EXTI0_IRQHandler                         0x0800015f   Thumb Code     0  startup_stm32f10x_xl.o(.text)
    EXTI1_IRQHandler                         0x0800015f   Thumb Code     0  startup_stm32f10x_xl.o(.text)
    EXTI2_IRQHandler                         0x0800015f   Thumb Code     0  startup_stm32f10x_xl.o(.text)
    EXTI3_IRQHandler                         0x0800015f   Thumb Code     0  startup_stm32f10x_xl.o(.text)
    EXTI4_IRQHandler                         0x0800015f   Thumb Code     0  startup_stm32f10x_xl.o(.text)
    FLASH_IRQHandler                         0x0800015f   Thumb Code     0  startup_stm32f10x_xl.o(.text)
    FSMC_IRQHandler                          0x0800015f   Thumb Code     0  startup_stm32f10x_xl.o(.text)
    I2C1_ER_IRQHandler                       0x0800015f   Thumb Code     0  startup_stm32f10x_xl.o(.text)
    I2C1_EV_IRQHandler                       0x0800015f   Thumb Code     0  startup_stm32f10x_xl.o(.text)
    I2C2_ER_IRQHandler                       0x0800015f   Thumb Code     0  startup_stm32f10x_xl.o(.text)
    I2C2_EV_IRQHandler                       0x0800015f   Thumb Code     0  startup_stm32f10x_xl.o(.text)
    PVD_IRQHandler                           0x0800015f   Thumb Code     0  startup_stm32f10x_xl.o(.text)
    RCC_IRQHandler                           0x0800015f   Thumb Code     0  startup_stm32f10x_xl.o(.text)
    RTCAlarm_IRQHandler                      0x0800015f   Thumb Code     0  startup_stm32f10x_xl.o(.text)
    RTC_IRQHandler                           0x0800015f   Thumb Code     0  startup_stm32f10x_xl.o(.text)
    SDIO_IRQHandler                          0x0800015f   Thumb Code     0  startup_stm32f10x_xl.o(.text)
    SPI1_IRQHandler                          0x0800015f   Thumb Code     0  startup_stm32f10x_xl.o(.text)
    SPI2_IRQHandler                          0x0800015f   Thumb Code     0  startup_stm32f10x_xl.o(.text)
    SPI3_IRQHandler                          0x0800015f   Thumb Code     0  startup_stm32f10x_xl.o(.text)
    TAMPER_IRQHandler                        0x0800015f   Thumb Code     0  startup_stm32f10x_xl.o(.text)
    TIM1_BRK_TIM9_IRQHandler                 0x0800015f   Thumb Code     0  startup_stm32f10x_xl.o(.text)
    TIM1_CC_IRQHandler                       0x0800015f   Thumb Code     0  startup_stm32f10x_xl.o(.text)
    TIM1_TRG_COM_TIM11_IRQHandler            0x0800015f   Thumb Code     0  startup_stm32f10x_xl.o(.text)
    TIM1_UP_TIM10_IRQHandler                 0x0800015f   Thumb Code     0  startup_stm32f10x_xl.o(.text)
    TIM2_IRQHandler                          0x0800015f   Thumb Code     0  startup_stm32f10x_xl.o(.text)
    TIM3_IRQHandler                          0x0800015f   Thumb Code     0  startup_stm32f10x_xl.o(.text)
    TIM4_IRQHandler                          0x0800015f   Thumb Code     0  startup_stm32f10x_xl.o(.text)
    TIM5_IRQHandler                          0x0800015f   Thumb Code     0  startup_stm32f10x_xl.o(.text)
    TIM6_IRQHandler                          0x0800015f   Thumb Code     0  startup_stm32f10x_xl.o(.text)
    TIM7_IRQHandler                          0x0800015f   Thumb Code     0  startup_stm32f10x_xl.o(.text)
    TIM8_BRK_TIM12_IRQHandler                0x0800015f   Thumb Code     0  startup_stm32f10x_xl.o(.text)
    TIM8_CC_IRQHandler                       0x0800015f   Thumb Code     0  startup_stm32f10x_xl.o(.text)
    TIM8_TRG_COM_TIM14_IRQHandler            0x0800015f   Thumb Code     0  startup_stm32f10x_xl.o(.text)
    TIM8_UP_TIM13_IRQHandler                 0x0800015f   Thumb Code     0  startup_stm32f10x_xl.o(.text)
    UART4_IRQHandler                         0x0800015f   Thumb Code     0  startup_stm32f10x_xl.o(.text)
    UART5_IRQHandler                         0x0800015f   Thumb Code     0  startup_stm32f10x_xl.o(.text)
    USART1_IRQHandler                        0x0800015f   Thumb Code     0  startup_stm32f10x_xl.o(.text)
    USART2_IRQHandler                        0x0800015f   Thumb Code     0  startup_stm32f10x_xl.o(.text)
    USART3_IRQHandler                        0x0800015f   Thumb Code     0  startup_stm32f10x_xl.o(.text)
    USBWakeUp_IRQHandler                     0x0800015f   Thumb Code     0  startup_stm32f10x_xl.o(.text)
    USB_HP_CAN1_TX_IRQHandler                0x0800015f   Thumb Code     0  startup_stm32f10x_xl.o(.text)
    WWDG_IRQHandler                          0x0800015f   Thumb Code     0  startup_stm32f10x_xl.o(.text)
    __scatterload                            0x08000169   Thumb Code    28  init.o(.text)
    __scatterload_rt2                        0x08000169   Thumb Code     0  init.o(.text)
    __decompress                             0x0800018d   Thumb Code     0  __dczerorl2.o(.text)
    __decompress1                            0x0800018d   Thumb Code    92  __dczerorl2.o(.text)
    ADC_Cmd                                  0x080001e9   Thumb Code    20  stm32f10x_adc.o(i.ADC_Cmd)
    ADC_Configuration                        0x080001fd   Thumb Code   188  hw_config.o(i.ADC_Configuration)
    ADC_DMACmd                               0x080002c5   Thumb Code    20  stm32f10x_adc.o(i.ADC_DMACmd)
    ADC_GetCalibrationStatus                 0x080002d9   Thumb Code    14  stm32f10x_adc.o(i.ADC_GetCalibrationStatus)
    ADC_GetResetCalibrationStatus            0x080002e7   Thumb Code    14  stm32f10x_adc.o(i.ADC_GetResetCalibrationStatus)
    ADC_Init                                 0x080002f5   Thumb Code    62  stm32f10x_adc.o(i.ADC_Init)
    ADC_RegularChannelConfig                 0x0800033d   Thumb Code   116  stm32f10x_adc.o(i.ADC_RegularChannelConfig)
    ADC_ResetCalibration                     0x080003b1   Thumb Code    10  stm32f10x_adc.o(i.ADC_ResetCalibration)
    ADC_SoftwareStartConvCmd                 0x080003bb   Thumb Code    20  stm32f10x_adc.o(i.ADC_SoftwareStartConvCmd)
    ADC_StartCalibration                     0x080003cf   Thumb Code    10  stm32f10x_adc.o(i.ADC_StartCalibration)
    BusFault_Handler                         0x080003d9   Thumb Code     2  stm32f10x_it.o(i.BusFault_Handler)
    ByteSwap                                 0x080003db   Thumb Code    10  usb_regs.o(i.ByteSwap)
    CTR_LP                                   0x080003e5   Thumb Code   304  usb_int.o(i.CTR_LP)
    ClearDTOG_RX                             0x0800052d   Thumb Code    32  usb_regs.o(i.ClearDTOG_RX)
    ClearDTOG_TX                             0x08000551   Thumb Code    32  usb_regs.o(i.ClearDTOG_TX)
    Clear_Status_Out                         0x08000575   Thumb Code    26  usb_regs.o(i.Clear_Status_Out)
    CustomHID_Data_Setup                     0x08000595   Thumb Code    74  usb_prop.o(i.CustomHID_Data_Setup)
    CustomHID_GetConfigDescriptor            0x080005f1   Thumb Code     6  usb_prop.o(i.CustomHID_GetConfigDescriptor)
    CustomHID_GetDeviceDescriptor            0x080005fd   Thumb Code     6  usb_prop.o(i.CustomHID_GetDeviceDescriptor)
    CustomHID_GetHIDDescriptor               0x08000609   Thumb Code     6  usb_prop.o(i.CustomHID_GetHIDDescriptor)
    CustomHID_GetProtocolValue               0x08000615   Thumb Code    18  usb_prop.o(i.CustomHID_GetProtocolValue)
    CustomHID_GetReportDescriptor            0x08000631   Thumb Code     6  usb_prop.o(i.CustomHID_GetReportDescriptor)
    CustomHID_GetStringDescriptor            0x0800063d   Thumb Code    24  usb_prop.o(i.CustomHID_GetStringDescriptor)
    CustomHID_Get_Interface_Setting          0x0800065d   Thumb Code    10  usb_prop.o(i.CustomHID_Get_Interface_Setting)
    CustomHID_NoData_Setup                   0x08000669   Thumb Code    26  usb_prop.o(i.CustomHID_NoData_Setup)
    CustomHID_Reset                          0x08000689   Thumb Code   160  usb_prop.o(i.CustomHID_Reset)
    CustomHID_SetConfiguration               0x08000739   Thumb Code    26  usb_prop.o(i.CustomHID_SetConfiguration)
    CustomHID_SetDeviceAddress               0x08000761   Thumb Code     8  usb_prop.o(i.CustomHID_SetDeviceAddress)
    CustomHID_SetProtocol                    0x0800076d   Thumb Code    14  usb_prop.o(i.CustomHID_SetProtocol)
    CustomHID_Status_In                      0x08000785   Thumb Code     2  usb_prop.o(i.CustomHID_Status_In)
    CustomHID_Status_Out                     0x08000787   Thumb Code     2  usb_prop.o(i.CustomHID_Status_Out)
    CustomHID_init                           0x08000789   Thumb Code    28  usb_prop.o(i.CustomHID_init)
    DMA1_Channel1_IRQHandler                 0x080007ad   Thumb Code    56  stm32f10x_it.o(i.DMA1_Channel1_IRQHandler)
    DMA_ClearFlag                            0x080007f1   Thumb Code    16  stm32f10x_dma.o(i.DMA_ClearFlag)
    DMA_Cmd                                  0x08000809   Thumb Code    20  stm32f10x_dma.o(i.DMA_Cmd)
    DMA_DeInit                               0x0800081d   Thumb Code   216  stm32f10x_dma.o(i.DMA_DeInit)
    DMA_ITConfig                             0x080008fd   Thumb Code    16  stm32f10x_dma.o(i.DMA_ITConfig)
    DMA_Init                                 0x0800090d   Thumb Code    58  stm32f10x_dma.o(i.DMA_Init)
    DebugMon_Handler                         0x08000c45   Thumb Code     2  stm32f10x_it.o(i.DebugMon_Handler)
    EP1_OUT_Callback                         0x08000c49   Thumb Code   112  usb_endp.o(i.EP1_OUT_Callback)
    EXTI15_10_IRQHandler                     0x08000cbd   Thumb Code    66  stm32f10x_it.o(i.EXTI15_10_IRQHandler)
    EXTI9_5_IRQHandler                       0x08000d05   Thumb Code    66  stm32f10x_it.o(i.EXTI9_5_IRQHandler)
    EXTI_ClearITPendingBit                   0x08000d4d   Thumb Code     6  stm32f10x_exti.o(i.EXTI_ClearITPendingBit)
    EXTI_Configuration                       0x08000d59   Thumb Code    72  hw_config.o(i.EXTI_Configuration)
    EXTI_GetITStatus                         0x08000da1   Thumb Code    28  stm32f10x_exti.o(i.EXTI_GetITStatus)
    EXTI_Init                                0x08000dc1   Thumb Code   108  stm32f10x_exti.o(i.EXTI_Init)
    Enter_LowPowerMode                       0x08000e31   Thumb Code     8  hw_config.o(i.Enter_LowPowerMode)
    FLASH_PrefetchBufferCmd                  0x08000e3d   Thumb Code    18  stm32f10x_flash.o(i.FLASH_PrefetchBufferCmd)
    FLASH_SetLatency                         0x08000e55   Thumb Code    14  stm32f10x_flash.o(i.FLASH_SetLatency)
    GPIO_Configuration                       0x08000e69   Thumb Code    60  hw_config.o(i.GPIO_Configuration)
    GPIO_EXTILineConfig                      0x08000ead   Thumb Code    34  stm32f10x_gpio.o(i.GPIO_EXTILineConfig)
    GPIO_Init                                0x08000ed5   Thumb Code   164  stm32f10x_gpio.o(i.GPIO_Init)
    GPIO_ReadInputDataBit                    0x08000f79   Thumb Code    14  stm32f10x_gpio.o(i.GPIO_ReadInputDataBit)
    GPIO_ResetBits                           0x08000f87   Thumb Code     4  stm32f10x_gpio.o(i.GPIO_ResetBits)
    GPIO_SetBits                             0x08000f8b   Thumb Code     4  stm32f10x_gpio.o(i.GPIO_SetBits)
    GetEPRxAddr                              0x08000f91   Thumb Code    22  usb_regs.o(i.GetEPRxAddr)
    GetEPRxCount                             0x08000fb1   Thumb Code    24  usb_regs.o(i.GetEPRxCount)
    GetEPTxAddr                              0x08000fd1   Thumb Code    20  usb_regs.o(i.GetEPTxAddr)
    Get_SerialNum                            0x08000fed   Thumb Code    44  hw_config.o(i.Get_SerialNum)
    HardFault_Handler                        0x08001021   Thumb Code     2  stm32f10x_it.o(i.HardFault_Handler)
    In0_Process                              0x08001025   Thumb Code    80  usb_core.o(i.In0_Process)
    Leave_LowPowerMode                       0x080010b9   Thumb Code    18  hw_config.o(i.Leave_LowPowerMode)
    MemManage_Handler                        0x080010d5   Thumb Code     2  stm32f10x_it.o(i.MemManage_Handler)
    NMI_Handler                              0x080010d7   Thumb Code     2  stm32f10x_it.o(i.NMI_Handler)
    NOP_Process                              0x080010d9   Thumb Code     2  usb_core.o(i.NOP_Process)
    NVIC_Init                                0x080010dd   Thumb Code    90  misc.o(i.NVIC_Init)
    NVIC_PriorityGroupConfig                 0x08001141   Thumb Code    10  misc.o(i.NVIC_PriorityGroupConfig)
    Out0_Process                             0x0800122d   Thumb Code    62  usb_core.o(i.Out0_Process)
    PMAToUserBufferCopy                      0x08001275   Thumb Code    24  usb_mem.o(i.PMAToUserBufferCopy)
    PendSV_Handler                           0x08001291   Thumb Code     2  stm32f10x_it.o(i.PendSV_Handler)
    Post0_Process                            0x08001295   Thumb Code    52  usb_core.o(i.Post0_Process)
    PowerOn                                  0x080012d9   Thumb Code    36  usb_pwr.o(i.PowerOn)
    RCC_ADCCLKConfig                         0x08001305   Thumb Code    14  stm32f10x_rcc.o(i.RCC_ADCCLKConfig)
    RCC_AHBPeriphClockCmd                    0x08001319   Thumb Code    18  stm32f10x_rcc.o(i.RCC_AHBPeriphClockCmd)
    RCC_APB1PeriphClockCmd                   0x08001331   Thumb Code    18  stm32f10x_rcc.o(i.RCC_APB1PeriphClockCmd)
    RCC_APB2PeriphClockCmd                   0x08001349   Thumb Code    18  stm32f10x_rcc.o(i.RCC_APB2PeriphClockCmd)
    RCC_DeInit                               0x08001361   Thumb Code    50  stm32f10x_rcc.o(i.RCC_DeInit)
    RCC_GetFlagStatus                        0x080013a1   Thumb Code    44  stm32f10x_rcc.o(i.RCC_GetFlagStatus)
    RCC_GetSYSCLKSource                      0x080013d1   Thumb Code    10  stm32f10x_rcc.o(i.RCC_GetSYSCLKSource)
    RCC_HCLKConfig                           0x080013e1   Thumb Code    14  stm32f10x_rcc.o(i.RCC_HCLKConfig)
    RCC_HSEConfig                            0x080013f5   Thumb Code    48  stm32f10x_rcc.o(i.RCC_HSEConfig)
    RCC_PCLK1Config                          0x08001429   Thumb Code    14  stm32f10x_rcc.o(i.RCC_PCLK1Config)
    RCC_PCLK2Config                          0x0800143d   Thumb Code    16  stm32f10x_rcc.o(i.RCC_PCLK2Config)
    RCC_PLLCmd                               0x08001451   Thumb Code     6  stm32f10x_rcc.o(i.RCC_PLLCmd)
    RCC_PLLConfig                            0x0800145d   Thumb Code    16  stm32f10x_rcc.o(i.RCC_PLLConfig)
    RCC_SYSCLKConfig                         0x08001471   Thumb Code    14  stm32f10x_rcc.o(i.RCC_SYSCLKConfig)
    RCC_USBCLKConfig                         0x08001485   Thumb Code     6  stm32f10x_rcc.o(i.RCC_USBCLKConfig)
    RCC_WaitForHSEStartUp                    0x08001491   Thumb Code    38  stm32f10x_rcc.o(i.RCC_WaitForHSEStartUp)
    Resume                                   0x080014b9   Thumb Code   116  usb_pwr.o(i.Resume)
    Resume_Init                              0x08001535   Thumb Code    26  usb_pwr.o(i.Resume_Init)
    STM_EVAL_LEDInit                         0x08001555   Thumb Code    54  stm32_eval.o(i.STM_EVAL_LEDInit)
    STM_EVAL_LEDOff                          0x08001595   Thumb Code    16  stm32_eval.o(i.STM_EVAL_LEDOff)
    STM_EVAL_LEDOn                           0x080015ad   Thumb Code    16  stm32_eval.o(i.STM_EVAL_LEDOn)
    STM_EVAL_PBGetState                      0x080015c5   Thumb Code    16  stm32_eval.o(i.STM_EVAL_PBGetState)
    STM_EVAL_PBInit                          0x080015dd   Thumb Code   154  stm32_eval.o(i.STM_EVAL_PBInit)
    SVC_Handler                              0x08001681   Thumb Code     2  stm32f10x_it.o(i.SVC_Handler)
    SetBTABLE                                0x08001685   Thumb Code    10  usb_regs.o(i.SetBTABLE)
    SetDeviceAddress                         0x08001695   Thumb Code    58  usb_core.o(i.SetDeviceAddress)
    SetEPRxAddr                              0x080016d9   Thumb Code    24  usb_regs.o(i.SetEPRxAddr)
    SetEPRxCount                             0x080016f9   Thumb Code    56  usb_regs.o(i.SetEPRxCount)
    SetEPRxStatus                            0x08001739   Thumb Code    44  usb_regs.o(i.SetEPRxStatus)
    SetEPRxValid                             0x08001769   Thumb Code    30  usb_regs.o(i.SetEPRxValid)
    SetEPTxAddr                              0x0800178d   Thumb Code    22  usb_regs.o(i.SetEPTxAddr)
    SetEPTxCount                             0x080017ad   Thumb Code    20  usb_regs.o(i.SetEPTxCount)
    SetEPTxStatus                            0x080017c9   Thumb Code    44  usb_regs.o(i.SetEPTxStatus)
    SetEPTxValid                             0x080017f9   Thumb Code    30  usb_regs.o(i.SetEPTxValid)
    SetEPType                                0x0800181d   Thumb Code    22  usb_regs.o(i.SetEPType)
    Set_System                               0x080018cd   Thumb Code   168  hw_config.o(i.Set_System)
    Set_USBClock                             0x08001979   Thumb Code    20  hw_config.o(i.Set_USBClock)
    Setup0_Process                           0x0800198d   Thumb Code    92  usb_core.o(i.Setup0_Process)
    Standard_ClearFeature                    0x080019f5   Thumb Code   216  usb_core.o(i.Standard_ClearFeature)
    Standard_GetConfiguration                0x08001ae1   Thumb Code    30  usb_core.o(i.Standard_GetConfiguration)
    Standard_GetDescriptorData               0x08001b09   Thumb Code    24  usb_core.o(i.Standard_GetDescriptorData)
    Standard_GetInterface                    0x08001b25   Thumb Code    30  usb_core.o(i.Standard_GetInterface)
    Standard_GetStatus                       0x08001b4d   Thumb Code   128  usb_core.o(i.Standard_GetStatus)
    Standard_SetConfiguration                0x08001bdd   Thumb Code    42  usb_core.o(i.Standard_SetConfiguration)
    Standard_SetDeviceFeature                0x08001c15   Thumb Code    26  usb_core.o(i.Standard_SetDeviceFeature)
    Standard_SetEndPointFeature              0x08001c39   Thumb Code   116  usb_core.o(i.Standard_SetEndPointFeature)
    Standard_SetInterface                    0x08001cbd   Thumb Code    60  usb_core.o(i.Standard_SetInterface)
    Suspend                                  0x08001d05   Thumb Code    26  usb_pwr.o(i.Suspend)
    SysTick_Handler                          0x08001d25   Thumb Code     2  stm32f10x_it.o(i.SysTick_Handler)
    SystemInit                               0x08001d29   Thumb Code    52  system_stm32f10x.o(i.SystemInit)
    USB_Cable_Config                         0x08001d69   Thumb Code    20  hw_config.o(i.USB_Cable_Config)
    USB_Init                                 0x08001d81   Thumb Code    22  usb_init.o(i.USB_Init)
    USB_Interrupts_Config                    0x08001da9   Thumb Code    90  hw_config.o(i.USB_Interrupts_Config)
    USB_Istr                                 0x08001e05   Thumb Code   168  usb_istr.o(i.USB_Istr)
    USB_LP_CAN1_RX0_IRQHandler               0x08001ec1   Thumb Code     4  stm32f10x_it.o(i.USB_LP_CAN1_RX0_IRQHandler)
    USB_SIL_Init                             0x08001ec5   Thumb Code    24  usb_sil.o(i.USB_SIL_Init)
    USB_SIL_Read                             0x08001ee5   Thumb Code    36  usb_sil.o(i.USB_SIL_Read)
    USB_SIL_Write                            0x08001f09   Thumb Code    40  usb_sil.o(i.USB_SIL_Write)
    UsageFault_Handler                       0x08001f31   Thumb Code     2  stm32f10x_it.o(i.UsageFault_Handler)
    UserToPMABufferCopy                      0x08001f35   Thumb Code    34  usb_mem.o(i.UserToPMABufferCopy)
    __scatterload_copy                       0x08001f5d   Thumb Code    14  handlers.o(i.__scatterload_copy)
    __scatterload_null                       0x08001f6b   Thumb Code     2  handlers.o(i.__scatterload_null)
    __scatterload_zeroinit                   0x08001f6d   Thumb Code    14  handlers.o(i.__scatterload_zeroinit)
    main                                     0x08001f7b   Thumb Code    18  main.o(i.main)
    CustomHID_DeviceDescriptor               0x08001f8c   Data          18  usb_desc.o(.constdata)
    CustomHID_ConfigDescriptor               0x08001f9e   Data          41  usb_desc.o(.constdata)
    CustomHID_ReportDescriptor               0x08001fc7   Data         163  usb_desc.o(.constdata)
    CustomHID_StringLangID                   0x0800206a   Data           4  usb_desc.o(.constdata)
    CustomHID_StringVendor                   0x0800206e   Data          38  usb_desc.o(.constdata)
    CustomHID_StringProduct                  0x08002094   Data          32  usb_desc.o(.constdata)
    COM_TX_PIN                               0x080020b4   Data           4  stm32_eval.o(.constdata)
    COM_RX_PIN                               0x080020b8   Data           4  stm32_eval.o(.constdata)
    GPIO_PIN                                 0x080020bc   Data           8  stm32_eval.o(.constdata)
    COM_USART_CLK                            0x080020c4   Data           8  stm32_eval.o(.constdata)
    COM_TX_PORT_CLK                          0x080020cc   Data           8  stm32_eval.o(.constdata)
    COM_RX_PORT_CLK                          0x080020d4   Data           8  stm32_eval.o(.constdata)
    GPIO_CLK                                 0x080020dc   Data          16  stm32_eval.o(.constdata)
    BUTTON_PIN                               0x080020ec   Data          16  stm32_eval.o(.constdata)
    BUTTON_CLK                               0x080020fc   Data          32  stm32_eval.o(.constdata)
    BUTTON_EXTI_LINE                         0x0800211c   Data          16  stm32_eval.o(.constdata)
    BUTTON_PORT_SOURCE                       0x0800212c   Data          16  stm32_eval.o(.constdata)
    BUTTON_PIN_SOURCE                        0x0800213c   Data          16  stm32_eval.o(.constdata)
    BUTTON_IRQn                              0x0800214c   Data          16  stm32_eval.o(.constdata)
    Region$$Table$$Base                      0x0800215c   Number         0  anon$$obj.o(Region$$Table)
    Region$$Table$$Limit                     0x0800217c   Number         0  anon$$obj.o(Region$$Table)
    HSEStartUpStatus                         0x20000000   Data           1  hw_config.o(.data)
    ADC_ConvertedValueX                      0x20000004   Data           4  hw_config.o(.data)
    ADC_ConvertedValueX_1                    0x20000008   Data           4  hw_config.o(.data)
    Send_Buffer                              0x2000000c   Data           2  stm32f10x_it.o(.data)
    CustomHID_StringSerial                   0x2000000e   Data          26  usb_desc.o(.data)
    Receive_Buffer                           0x20000028   Data           2  usb_endp.o(.data)
    bIntPackSOF                              0x2000002a   Data           1  usb_istr.o(.data)
    wIstr                                    0x2000002c   Data           2  usb_istr.o(.data)
    pEpInt_IN                                0x20000030   Data          28  usb_istr.o(.data)
    pEpInt_OUT                               0x2000004c   Data          28  usb_istr.o(.data)
    Device_Table                             0x20000068   Data           2  usb_prop.o(.data)
    ProtocolValue                            0x2000006c   Data           4  usb_prop.o(.data)
    Device_Descriptor                        0x20000070   Data           8  usb_prop.o(.data)
    Config_Descriptor                        0x20000078   Data           8  usb_prop.o(.data)
    CustomHID_Report_Descriptor              0x20000080   Data           8  usb_prop.o(.data)
    CustomHID_Hid_Descriptor                 0x20000088   Data           8  usb_prop.o(.data)
    Device_Property                          0x20000090   Data          48  usb_prop.o(.data)
    String_Descriptor                        0x200000c0   Data          32  usb_prop.o(.data)
    User_Standard_Requests                   0x200000e0   Data          36  usb_prop.o(.data)
    bDeviceState                             0x20000104   Data           4  usb_pwr.o(.data)
    fSuspendEnabled                          0x20000108   Data           1  usb_pwr.o(.data)
    ResumeS                                  0x20000109   Data           2  usb_pwr.o(.data)
    EPindex                                  0x2000010b   Data           1  usb_init.o(.data)
    pInformation                             0x2000010c   Data           4  usb_init.o(.data)
    pProperty                                0x20000110   Data           4  usb_init.o(.data)
    pUser_Standard_Requests                  0x20000114   Data           4  usb_init.o(.data)
    wInterrupt_Mask                          0x20000118   Data           2  usb_init.o(.data)
    SaveRState                               0x2000011a   Data           2  usb_int.o(.data)
    SaveTState                               0x2000011c   Data           2  usb_int.o(.data)
    Data_Mul_MaxPacketSize                   0x2000011e   Data           1  usb_core.o(.data)
    StatusInfo                               0x20000120   Data           2  usb_core.o(.data)
    COM_USART                                0x20000124   Data           8  stm32_eval.o(.data)
    COM_TX_PORT                              0x2000012c   Data           8  stm32_eval.o(.data)
    COM_RX_PORT                              0x20000134   Data           8  stm32_eval.o(.data)
    GPIO_PORT                                0x2000013c   Data          16  stm32_eval.o(.data)
    BUTTON_PORT                              0x2000014c   Data          32  stm32_eval.o(.data)
    Device_Info                              0x2000016c   Data          28  usb_init.o(.bss)
    __initial_sp                             0x20000588   Data           0  startup_stm32f10x_xl.o(STACK)



==============================================================================

Memory Map of the image

  Image Entry point : 0x08000131

  Load Region LR_IROM1 (Base: 0x08000000, Size: 0x000022e8, Max: 0x00100000, ABSOLUTE, COMPRESSED[0x00002214])

    Execution Region ER_IROM1 (Base: 0x08000000, Size: 0x0000217c, Max: 0x00100000, ABSOLUTE)

    Base Addr    Size         Type   Attr      Idx    E Section Name        Object

    0x08000000   0x00000130   Data   RO         2672    RESET               startup_stm32f10x_xl.o
    0x08000130   0x00000000   Code   RO         2826  * .ARM.Collect$$$$00000000  mc_w.l(entry.o)
    0x08000130   0x00000004   Code   RO         2829    .ARM.Collect$$$$00000001  mc_w.l(entry2.o)
    0x08000134   0x00000004   Code   RO         2832    .ARM.Collect$$$$00000004  mc_w.l(entry5.o)
    0x08000138   0x00000000   Code   RO         2834    .ARM.Collect$$$$00000008  mc_w.l(entry7b.o)
    0x08000138   0x00000008   Code   RO         2835    .ARM.Collect$$$$00000009  mc_w.l(entry8.o)
    0x08000140   0x00000004   Code   RO         2830    .ARM.Collect$$$$00002712  mc_w.l(entry2.o)
    0x08000144   0x00000024   Code   RO         2673    .text               startup_stm32f10x_xl.o
    0x08000168   0x00000024   Code   RO         2836    .text               mc_w.l(init.o)
    0x0800018c   0x0000005c   Code   RO         2846    .text               mc_w.l(__dczerorl2.o)
    0x080001e8   0x00000014   Code   RO         1448    i.ADC_Cmd           stm32f10x_adc.o
    0x080001fc   0x000000c8   Code   RO            1    i.ADC_Configuration  hw_config.o
    0x080002c4   0x00000014   Code   RO         1449    i.ADC_DMACmd        stm32f10x_adc.o
    0x080002d8   0x0000000e   Code   RO         1456    i.ADC_GetCalibrationStatus  stm32f10x_adc.o
    0x080002e6   0x0000000e   Code   RO         1462    i.ADC_GetResetCalibrationStatus  stm32f10x_adc.o
    0x080002f4   0x00000048   Code   RO         1466    i.ADC_Init          stm32f10x_adc.o
    0x0800033c   0x00000074   Code   RO         1470    i.ADC_RegularChannelConfig  stm32f10x_adc.o
    0x080003b0   0x0000000a   Code   RO         1471    i.ADC_ResetCalibration  stm32f10x_adc.o
    0x080003ba   0x00000014   Code   RO         1473    i.ADC_SoftwareStartConvCmd  stm32f10x_adc.o
    0x080003ce   0x0000000a   Code   RO         1475    i.ADC_StartCalibration  stm32f10x_adc.o
    0x080003d8   0x00000002   Code   RO          193    i.BusFault_Handler  stm32f10x_it.o
    0x080003da   0x0000000a   Code   RO          577    i.ByteSwap          usb_regs.o
    0x080003e4   0x00000148   Code   RO          530    i.CTR_LP            usb_int.o
    0x0800052c   0x00000024   Code   RO          578    i.ClearDTOG_RX      usb_regs.o
    0x08000550   0x00000024   Code   RO          579    i.ClearDTOG_TX      usb_regs.o
    0x08000574   0x00000020   Code   RO          584    i.Clear_Status_Out  usb_regs.o
    0x08000594   0x0000005c   Code   RO          343    i.CustomHID_Data_Setup  usb_prop.o
    0x080005f0   0x0000000c   Code   RO          344    i.CustomHID_GetConfigDescriptor  usb_prop.o
    0x080005fc   0x0000000c   Code   RO          345    i.CustomHID_GetDeviceDescriptor  usb_prop.o
    0x08000608   0x0000000c   Code   RO          346    i.CustomHID_GetHIDDescriptor  usb_prop.o
    0x08000614   0x0000001c   Code   RO          347    i.CustomHID_GetProtocolValue  usb_prop.o
    0x08000630   0x0000000c   Code   RO          348    i.CustomHID_GetReportDescriptor  usb_prop.o
    0x0800063c   0x00000020   Code   RO          349    i.CustomHID_GetStringDescriptor  usb_prop.o
    0x0800065c   0x0000000a   Code   RO          350    i.CustomHID_Get_Interface_Setting  usb_prop.o
    0x08000666   0x00000002   PAD
    0x08000668   0x00000020   Code   RO          351    i.CustomHID_NoData_Setup  usb_prop.o
    0x08000688   0x000000b0   Code   RO          352    i.CustomHID_Reset   usb_prop.o
    0x08000738   0x00000028   Code   RO          353    i.CustomHID_SetConfiguration  usb_prop.o
    0x08000760   0x0000000c   Code   RO          354    i.CustomHID_SetDeviceAddress  usb_prop.o
    0x0800076c   0x00000018   Code   RO          355    i.CustomHID_SetProtocol  usb_prop.o
    0x08000784   0x00000002   Code   RO          356    i.CustomHID_Status_In  usb_prop.o
    0x08000786   0x00000002   Code   RO          357    i.CustomHID_Status_Out  usb_prop.o
    0x08000788   0x00000024   Code   RO          358    i.CustomHID_init    usb_prop.o
    0x080007ac   0x00000044   Code   RO          194    i.DMA1_Channel1_IRQHandler  stm32f10x_it.o
    0x080007f0   0x00000018   Code   RO         1664    i.DMA_ClearFlag     stm32f10x_dma.o
    0x08000808   0x00000014   Code   RO         1666    i.DMA_Cmd           stm32f10x_dma.o
    0x0800081c   0x000000e0   Code   RO         1667    i.DMA_DeInit        stm32f10x_dma.o
    0x080008fc   0x00000010   Code   RO         1671    i.DMA_ITConfig      stm32f10x_dma.o
    0x0800090c   0x0000003a   Code   RO         1672    i.DMA_Init          stm32f10x_dma.o
    0x08000946   0x00000002   PAD
    0x08000948   0x000000bc   Code   RO          949    i.DataStageIn       usb_core.o
    0x08000a04   0x000000a8   Code   RO          950    i.DataStageOut      usb_core.o
    0x08000aac   0x00000198   Code   RO          951    i.Data_Setup0       usb_core.o
    0x08000c44   0x00000002   Code   RO          195    i.DebugMon_Handler  stm32f10x_it.o
    0x08000c46   0x00000002   PAD
    0x08000c48   0x00000074   Code   RO          305    i.EP1_OUT_Callback  usb_endp.o
    0x08000cbc   0x00000048   Code   RO          196    i.EXTI15_10_IRQHandler  stm32f10x_it.o
    0x08000d04   0x00000048   Code   RO          197    i.EXTI9_5_IRQHandler  stm32f10x_it.o
    0x08000d4c   0x0000000c   Code   RO         1731    i.EXTI_ClearITPendingBit  stm32f10x_exti.o
    0x08000d58   0x00000048   Code   RO            2    i.EXTI_Configuration  hw_config.o
    0x08000da0   0x00000020   Code   RO         1735    i.EXTI_GetITStatus  stm32f10x_exti.o
    0x08000dc0   0x00000070   Code   RO         1736    i.EXTI_Init         stm32f10x_exti.o
    0x08000e30   0x0000000c   Code   RO            3    i.Enter_LowPowerMode  hw_config.o
    0x08000e3c   0x00000018   Code   RO         1801    i.FLASH_PrefetchBufferCmd  stm32f10x_flash.o
    0x08000e54   0x00000014   Code   RO         1806    i.FLASH_SetLatency  stm32f10x_flash.o
    0x08000e68   0x00000044   Code   RO            4    i.GPIO_Configuration  hw_config.o
    0x08000eac   0x00000028   Code   RO         1295    i.GPIO_EXTILineConfig  stm32f10x_gpio.o
    0x08000ed4   0x000000a4   Code   RO         1298    i.GPIO_Init         stm32f10x_gpio.o
    0x08000f78   0x0000000e   Code   RO         1302    i.GPIO_ReadInputDataBit  stm32f10x_gpio.o
    0x08000f86   0x00000004   Code   RO         1305    i.GPIO_ResetBits    stm32f10x_gpio.o
    0x08000f8a   0x00000004   Code   RO         1306    i.GPIO_SetBits      stm32f10x_gpio.o
    0x08000f8e   0x00000002   PAD
    0x08000f90   0x00000020   Code   RO          596    i.GetEPRxAddr       usb_regs.o
    0x08000fb0   0x00000020   Code   RO          597    i.GetEPRxCount      usb_regs.o
    0x08000fd0   0x0000001c   Code   RO          599    i.GetEPTxAddr       usb_regs.o
    0x08000fec   0x00000034   Code   RO            5    i.Get_SerialNum     hw_config.o
    0x08001020   0x00000002   Code   RO          198    i.HardFault_Handler  stm32f10x_it.o
    0x08001022   0x00000002   PAD
    0x08001024   0x0000005c   Code   RO          952    i.In0_Process       usb_core.o
    0x08001080   0x00000036   Code   RO            6    i.IntToUnicode      hw_config.o
    0x080010b6   0x00000002   PAD
    0x080010b8   0x0000001c   Code   RO            7    i.Leave_LowPowerMode  hw_config.o
    0x080010d4   0x00000002   Code   RO          199    i.MemManage_Handler  stm32f10x_it.o
    0x080010d6   0x00000002   Code   RO          200    i.NMI_Handler       stm32f10x_it.o
    0x080010d8   0x00000002   Code   RO          953    i.NOP_Process       usb_core.o
    0x080010da   0x00000002   PAD
    0x080010dc   0x00000064   Code   RO         1406    i.NVIC_Init         misc.o
    0x08001140   0x00000014   Code   RO         1407    i.NVIC_PriorityGroupConfig  misc.o
    0x08001154   0x000000d8   Code   RO          954    i.NoData_Setup0     usb_core.o
    0x0800122c   0x00000048   Code   RO          955    i.Out0_Process      usb_core.o
    0x08001274   0x0000001c   Code   RO          559    i.PMAToUserBufferCopy  usb_mem.o
    0x08001290   0x00000002   Code   RO          201    i.PendSV_Handler    stm32f10x_it.o
    0x08001292   0x00000002   PAD
    0x08001294   0x00000044   Code   RO          956    i.Post0_Process     usb_core.o
    0x080012d8   0x0000002c   Code   RO          460    i.PowerOn           usb_pwr.o
    0x08001304   0x00000014   Code   RO         1092    i.RCC_ADCCLKConfig  stm32f10x_rcc.o
    0x08001318   0x00000018   Code   RO         1093    i.RCC_AHBPeriphClockCmd  stm32f10x_rcc.o
    0x08001330   0x00000018   Code   RO         1094    i.RCC_APB1PeriphClockCmd  stm32f10x_rcc.o
    0x08001348   0x00000018   Code   RO         1096    i.RCC_APB2PeriphClockCmd  stm32f10x_rcc.o
    0x08001360   0x00000040   Code   RO         1103    i.RCC_DeInit        stm32f10x_rcc.o
    0x080013a0   0x00000030   Code   RO         1105    i.RCC_GetFlagStatus  stm32f10x_rcc.o
    0x080013d0   0x00000010   Code   RO         1107    i.RCC_GetSYSCLKSource  stm32f10x_rcc.o
    0x080013e0   0x00000014   Code   RO         1108    i.RCC_HCLKConfig    stm32f10x_rcc.o
    0x080013f4   0x00000034   Code   RO         1109    i.RCC_HSEConfig     stm32f10x_rcc.o
    0x08001428   0x00000014   Code   RO         1115    i.RCC_PCLK1Config   stm32f10x_rcc.o
    0x0800143c   0x00000014   Code   RO         1116    i.RCC_PCLK2Config   stm32f10x_rcc.o
    0x08001450   0x0000000c   Code   RO         1117    i.RCC_PLLCmd        stm32f10x_rcc.o
    0x0800145c   0x00000014   Code   RO         1118    i.RCC_PLLConfig     stm32f10x_rcc.o
    0x08001470   0x00000014   Code   RO         1121    i.RCC_SYSCLKConfig  stm32f10x_rcc.o
    0x08001484   0x0000000c   Code   RO         1122    i.RCC_USBCLKConfig  stm32f10x_rcc.o
    0x08001490   0x00000026   Code   RO         1123    i.RCC_WaitForHSEStartUp  stm32f10x_rcc.o
    0x080014b6   0x00000002   PAD
    0x080014b8   0x0000007c   Code   RO          461    i.Resume            usb_pwr.o
    0x08001534   0x00000020   Code   RO          462    i.Resume_Init       usb_pwr.o
    0x08001554   0x00000040   Code   RO         2725    i.STM_EVAL_LEDInit  stm32_eval.o
    0x08001594   0x00000018   Code   RO         2726    i.STM_EVAL_LEDOff   stm32_eval.o
    0x080015ac   0x00000018   Code   RO         2727    i.STM_EVAL_LEDOn    stm32_eval.o
    0x080015c4   0x00000018   Code   RO         2729    i.STM_EVAL_PBGetState  stm32_eval.o
    0x080015dc   0x000000a4   Code   RO         2730    i.STM_EVAL_PBInit   stm32_eval.o
    0x08001680   0x00000002   Code   RO          202    i.SVC_Handler       stm32f10x_it.o
    0x08001682   0x00000002   PAD
    0x08001684   0x00000010   Code   RO          607    i.SetBTABLE         usb_regs.o
    0x08001694   0x00000044   Code   RO          957    i.SetDeviceAddress  usb_core.o
    0x080016d8   0x00000020   Code   RO          621    i.SetEPRxAddr       usb_regs.o
    0x080016f8   0x00000040   Code   RO          622    i.SetEPRxCount      usb_regs.o
    0x08001738   0x00000030   Code   RO          623    i.SetEPRxStatus     usb_regs.o
    0x08001768   0x00000024   Code   RO          624    i.SetEPRxValid      usb_regs.o
    0x0800178c   0x00000020   Code   RO          625    i.SetEPTxAddr       usb_regs.o
    0x080017ac   0x0000001c   Code   RO          626    i.SetEPTxCount      usb_regs.o
    0x080017c8   0x00000030   Code   RO          627    i.SetEPTxStatus     usb_regs.o
    0x080017f8   0x00000024   Code   RO          628    i.SetEPTxValid      usb_regs.o
    0x0800181c   0x0000001c   Code   RO          629    i.SetEPType         usb_regs.o
    0x08001838   0x00000094   Code   RO         2688    i.SetSysClockTo72   system_stm32f10x.o
    0x080018cc   0x000000ac   Code   RO            8    i.Set_System        hw_config.o
    0x08001978   0x00000014   Code   RO            9    i.Set_USBClock      hw_config.o
    0x0800198c   0x00000068   Code   RO          958    i.Setup0_Process    usb_core.o
    0x080019f4   0x000000ec   Code   RO          959    i.Standard_ClearFeature  usb_core.o
    0x08001ae0   0x00000028   Code   RO          960    i.Standard_GetConfiguration  usb_core.o
    0x08001b08   0x0000001c   Code   RO          961    i.Standard_GetDescriptorData  usb_core.o
    0x08001b24   0x00000028   Code   RO          962    i.Standard_GetInterface  usb_core.o
    0x08001b4c   0x00000090   Code   RO          963    i.Standard_GetStatus  usb_core.o
    0x08001bdc   0x00000038   Code   RO          964    i.Standard_SetConfiguration  usb_core.o
    0x08001c14   0x00000024   Code   RO          965    i.Standard_SetDeviceFeature  usb_core.o
    0x08001c38   0x00000084   Code   RO          966    i.Standard_SetEndPointFeature  usb_core.o
    0x08001cbc   0x00000048   Code   RO          967    i.Standard_SetInterface  usb_core.o
    0x08001d04   0x00000020   Code   RO          463    i.Suspend           usb_pwr.o
    0x08001d24   0x00000002   Code   RO          203    i.SysTick_Handler   stm32f10x_it.o
    0x08001d26   0x00000002   PAD
    0x08001d28   0x00000040   Code   RO         2690    i.SystemInit        system_stm32f10x.o
    0x08001d68   0x00000018   Code   RO           10    i.USB_Cable_Config  hw_config.o
    0x08001d80   0x00000028   Code   RO          503    i.USB_Init          usb_init.o
    0x08001da8   0x0000005a   Code   RO           11    i.USB_Interrupts_Config  hw_config.o
    0x08001e02   0x00000002   PAD
    0x08001e04   0x000000bc   Code   RO          320    i.USB_Istr          usb_istr.o
    0x08001ec0   0x00000004   Code   RO          204    i.USB_LP_CAN1_RX0_IRQHandler  stm32f10x_it.o
    0x08001ec4   0x00000020   Code   RO         1068    i.USB_SIL_Init      usb_sil.o
    0x08001ee4   0x00000024   Code   RO         1069    i.USB_SIL_Read      usb_sil.o
    0x08001f08   0x00000028   Code   RO         1070    i.USB_SIL_Write     usb_sil.o
    0x08001f30   0x00000002   Code   RO          205    i.UsageFault_Handler  stm32f10x_it.o
    0x08001f32   0x00000002   PAD
    0x08001f34   0x00000028   Code   RO          560    i.UserToPMABufferCopy  usb_mem.o
    0x08001f5c   0x0000000e   Code   RO         2840    i.__scatterload_copy  mc_w.l(handlers.o)
    0x08001f6a   0x00000002   Code   RO         2841    i.__scatterload_null  mc_w.l(handlers.o)
    0x08001f6c   0x0000000e   Code   RO         2842    i.__scatterload_zeroinit  mc_w.l(handlers.o)
    0x08001f7a   0x00000012   Code   RO          176    i.main              main.o
    0x08001f8c   0x00000012   Data   RO          287    .constdata          usb_desc.o
    0x08001f9e   0x00000029   Data   RO          288    .constdata          usb_desc.o
    0x08001fc7   0x000000a3   Data   RO          289    .constdata          usb_desc.o
    0x0800206a   0x00000004   Data   RO          290    .constdata          usb_desc.o
    0x0800206e   0x00000026   Data   RO          291    .constdata          usb_desc.o
    0x08002094   0x00000020   Data   RO          292    .constdata          usb_desc.o
    0x080020b4   0x000000a8   Data   RO         2733    .constdata          stm32_eval.o
    0x0800215c   0x00000020   Data   RO         2838    Region$$Table       anon$$obj.o


    Execution Region RW_IRAM1 (Base: 0x20000000, Size: 0x00000588, Max: 0x00018000, ABSOLUTE, COMPRESSED[0x00000098])

    Base Addr    Size         Type   Attr      Idx    E Section Name        Object

    0x20000000   0x00000008   Data   RW           12    .data               hw_config.o
    0x20000008   0x00000004   Data   RW           13    .data               hw_config.o
    0x2000000c   0x00000002   Data   RW          206    .data               stm32f10x_it.o
    0x2000000e   0x0000001a   Data   RW          293    .data               usb_desc.o
    0x20000028   0x00000002   Data   RW          306    .data               usb_endp.o
    0x2000002a   0x00000004   Data   RW          321    .data               usb_istr.o
    0x2000002e   0x00000002   PAD
    0x20000030   0x0000001c   Data   RW          322    .data               usb_istr.o
    0x2000004c   0x0000001c   Data   RW          323    .data               usb_istr.o
    0x20000068   0x00000002   Data   RW          359    .data               usb_prop.o
    0x2000006a   0x00000002   PAD
    0x2000006c   0x00000074   Data   RW          360    .data               usb_prop.o
    0x200000e0   0x00000024   Data   RW          361    .data               usb_prop.o
    0x20000104   0x00000004   Data   RW          464    .data               usb_pwr.o
    0x20000108   0x00000001   Data   RW          465    .data               usb_pwr.o
    0x20000109   0x00000002   Data   RW          466    .data               usb_pwr.o
    0x2000010b   0x00000001   Data   RW          505    .data               usb_init.o
    0x2000010c   0x0000000c   Data   RW          506    .data               usb_init.o
    0x20000118   0x00000002   Data   RW          508    .data               usb_init.o
    0x2000011a   0x00000004   Data   RW          531    .data               usb_int.o
    0x2000011e   0x00000004   Data   RW          968    .data               usb_core.o
    0x20000122   0x00000002   PAD
    0x20000124   0x00000048   Data   RW         2734    .data               stm32_eval.o
    0x2000016c   0x0000001c   Zero   RW          504    .bss                usb_init.o
    0x20000188   0x00000400   Zero   RW         2670    STACK               startup_stm32f10x_xl.o


==============================================================================

Image component sizes


      Code (inc. data)   RO Data    RW Data    ZI Data      Debug   Object Name

       792         50          0         12          0     266684   hw_config.o
        18          0          0          0          0        419   main.o
       120         20          0          0          0       1647   misc.o
        36          8        304          0       1024        928   startup_stm32f10x_xl.o
       300         44        168         72          0       4630   stm32_eval.o
       296         10          0          0          0       7853   stm32f10x_adc.o
       342         16          0          0          0       4421   stm32f10x_dma.o
       156         14          0          0          0       2352   stm32f10x_exti.o
        44         12          0          0          0       1153   stm32f10x_flash.o
       226          6          0          0          0       4458   stm32f10x_gpio.o
       234         24          0          2          0       6524   stm32f10x_it.o
       434         90          0          0          0      11824   stm32f10x_rcc.o
       212         22          0          0          0       1765   system_stm32f10x.o
      2170        276          0          4          0      15455   usb_core.o
         0          0        296         26          0       1036   usb_desc.o
       116          4          0          2          0       1288   usb_endp.o
        40         18          0         15         28       4198   usb_init.o
       328         24          0          4          0       1756   usb_int.o
       188         20          0         60          0       1312   usb_istr.o
        68         10          0          0          0       1888   usb_mem.o
       534        118          0        154          0      11905   usb_prop.o
       232         34          0          7          0       3286   usb_pwr.o
       574        106          0          0          0      10125   usb_regs.o
       108          8          0          0          0       2274   usb_sil.o

    ----------------------------------------------------------------------
      7594        934        800        364       1052     369181   Object Totals
         0          0         32          0          0          0   (incl. Generated)
        26          0          0          6          0          0   (incl. Padding)

    ----------------------------------------------------------------------

      Code (inc. data)   RO Data    RW Data    ZI Data      Debug   Library Member Name

        92          0          0          0          0          0   __dczerorl2.o
         0          0          0          0          0          0   entry.o
         8          4          0          0          0          0   entry2.o
         4          0          0          0          0          0   entry5.o
         0          0          0          0          0          0   entry7b.o
         8          4          0          0          0          0   entry8.o
        30          0          0          0          0          0   handlers.o
        36          8          0          0          0         68   init.o

    ----------------------------------------------------------------------
       178         16          0          0          0         68   Library Totals
         0          0          0          0          0          0   (incl. Padding)

    ----------------------------------------------------------------------

      Code (inc. data)   RO Data    RW Data    ZI Data      Debug   Library Name

       178         16          0          0          0         68   mc_w.l

    ----------------------------------------------------------------------
       178         16          0          0          0         68   Library Totals

    ----------------------------------------------------------------------

==============================================================================


      Code (inc. data)   RO Data    RW Data    ZI Data      Debug   

      7772        950        800        364       1052     362333   Grand Totals
      7772        950        800        152       1052     362333   ELF Image Totals (compressed)
      7772        950        800        152          0          0   ROM Totals

==============================================================================

    Total RO  Size (Code + RO Data)                 8572 (   8.37kB)
    Total RW  Size (RW Data + ZI Data)              1416 (   1.38kB)
    Total ROM Size (Code + RO Data + RW Data)       8724 (   8.52kB)

==============================================================================

